{"level":"info","message":"Created directory: D:\\PALAI\\temp","service":"dearpal-whatsapp","timestamp":"2026-07-24 06:54:16.117"}
{"apiVersion":"v23.0","environment":"development","level":"info","message":"🚀 DearPal WhatsApp Service started","port":3000,"service":"dearpal-whatsapp","timestamp":"2026-07-24 06:54:16.135"}
{"level":"info","message":"Health check: http://localhost:3000/health","service":"dearpal-whatsapp","timestamp":"2026-07-24 06:54:16.136"}
{"level":"info","message":"Webhook URL:  http://localhost:3000/webhook","service":"dearpal-whatsapp","timestamp":"2026-07-24 06:54:16.136"}
{"contentLength":"104","ip":"::1","level":"info","message":"Request completed","method":"GET","responseTimeMs":11,"service":"dearpal-whatsapp","statusCode":200,"timestamp":"2026-07-24 06:56:21.342","url":"/health","userAgent":"Mozilla/5.0 (Windows NT; Windows NT 10.0; en-IN) WindowsPowerShell/5.1.26100.8894"}
{"level":"info","message":"Webhook verification attempt","mode":"subscribe","service":"dearpal-whatsapp","timestamp":"2026-07-24 06:56:34.622"}
{"level":"info","message":"Webhook verification successful","service":"dearpal-whatsapp","timestamp":"2026-07-24 06:56:34.623"}
{"contentLength":"18","ip":"::1","level":"info","message":"Request completed","method":"GET","responseTimeMs":4,"service":"dearpal-whatsapp","statusCode":200,"timestamp":"2026-07-24 06:56:34.626","url":"/webhook?hub.mode=subscribe&hub.verify_token=test_verify_token&hub.challenge=challenge_accepted","userAgent":"Mozilla/5.0 (Windows NT; Windows NT 10.0; en-IN) WindowsPowerShell/5.1.26100.8894"}
{"level":"info","message":"Incoming message received","messageId":"wamid.test123","messageType":"text","phoneNumber":"919999999999","senderName":"Test User","service":"dearpal-whatsapp","timestamp":"2026-07-24 06:57:33.534"}
{"conversationId":"74584a65-c65e-48b2-a587-5b05e3d985c4","level":"info","message":"Processing message","messageId":"wamid.test123","messageType":"text","phoneNumber":"919999999999","service":"dearpal-whatsapp","timestamp":"2026-07-24 06:57:33.536"}
{"contentLength":"21","ip":"::1","level":"info","message":"Request completed","method":"POST","responseTimeMs":5,"service":"dearpal-whatsapp","statusCode":200,"timestamp":"2026-07-24 06:57:33.538","url":"/webhook","userAgent":"Mozilla/5.0 (Windows NT; Windows NT 10.0; en-IN) WindowsPowerShell/5.1.26100.8894"}
{"level":"info","message":"Processing text message","messageId":"wamid.test123","phoneNumber":"919999999999","service":"dearpal-whatsapp","textLength":14,"timestamp":"2026-07-24 06:57:33.539"}
{"level":"info","message":"AI pipeline disabled, returning static response","messageId":"wamid.test123","messageType":"text","service":"dearpal-whatsapp","timestamp":"2026-07-24 06:57:33.539"}
{"level":"info","message":"Webhook verification attempt","mode":"subscribe","service":"dearpal-whatsapp","timestamp":"2026-07-24 06:57:33.648"}
{"level":"warn","message":"Webhook verification failed","mode":"subscribe","service":"dearpal-whatsapp","timestamp":"2026-07-24 06:57:33.649","tokenMatch":false}
{"contentLength":"58","ip":"::1","level":"warn","message":"Request completed with client error","method":"GET","responseTimeMs":3,"service":"dearpal-whatsapp","statusCode":403,"timestamp":"2026-07-24 06:57:33.651","url":"/webhook?hub.mode=subscribe&hub.verify_token=WRONG&hub.challenge=test","userAgent":"Mozilla/5.0 (Windows NT; Windows NT 10.0; en-IN) WindowsPowerShell/5.1.26100.8894"}
{"error":"Request failed with status code 401","level":"warn","message":"First attempt to send message failed, retrying...","phoneNumber":"919999999999","service":"dearpal-whatsapp","timestamp":"2026-07-24 06:57:36.363"}
{"error":"Request failed with status code 401","level":"error","message":"Failed to send message after retry","phoneNumber":"919999999999","response":{"error":{"code":190,"fbtrace_id":"A1a6OZHhIHoi7mTvOgbaAWK","message":"Invalid OAuth access token - Cannot parse access token","type":"OAuthException"}},"service":"dearpal-whatsapp","timestamp":"2026-07-24 06:57:37.676"}
{"conversationId":"74584a65-c65e-48b2-a587-5b05e3d985c4","error":"Request failed with status code 401","level":"error","message":"Failed to send reply","messageId":"wamid.test123","service":"dearpal-whatsapp","timestamp":"2026-07-24 06:57:37.677"}
{"conversationId":"74584a65-c65e-48b2-a587-5b05e3d985c4","level":"info","message":"Message processing complete","messageId":"wamid.test123","service":"dearpal-whatsapp","source":"static","success":true,"timestamp":"2026-07-24 06:57:37.678"}
{"apiVersion":"v23.0","environment":"development","level":"info","message":"🚀 DearPal WhatsApp Service started","port":3000,"service":"dearpal-whatsapp","timestamp":"2026-07-29 22:46:54.559"}
{"level":"info","message":"Health check: http://localhost:3000/health","service":"dearpal-whatsapp","timestamp":"2026-07-29 22:46:54.564"}
{"level":"info","message":"Webhook URL:  http://localhost:3000/webhook","service":"dearpal-whatsapp","timestamp":"2026-07-29 22:46:54.565"}
{"apiVersion":"v23.0","environment":"development","level":"info","message":"🚀 DearPal WhatsApp Service started","port":3000,"service":"dearpal-whatsapp","timestamp":"2026-07-29 22:47:32.554"}
{"level":"info","message":"Health check: http://localhost:3000/health","service":"dearpal-whatsapp","timestamp":"2026-07-29 22:47:32.560"}
{"level":"info","message":"Webhook URL:  http://localhost:3000/webhook","service":"dearpal-whatsapp","timestamp":"2026-07-29 22:47:32.560"}
{"contentLength":"147","ip":"::1","level":"info","message":"Request completed","method":"GET","responseTimeMs":3827,"service":"dearpal-whatsapp","statusCode":200,"timestamp":"2026-07-29 22:51:13.434","url":"/api/dashboard/stats","userAgent":"Mozilla/5.0 (Windows NT 10.0; Win64; x64) AppleWebKit/537.36 (KHTML, like Gecko) Chrome/150.0.0.0 Safari/537.36"}
{"contentLength":"84","ip":"::1","level":"info","message":"Request completed","method":"GET","responseTimeMs":726,"service":"dearpal-whatsapp","statusCode":200,"timestamp":"2026-07-29 22:51:24.386","url":"/api/patients?page=1&limit=10","userAgent":"Mozilla/5.0 (Windows NT 10.0; Win64; x64) AppleWebKit/537.36 (KHTML, like Gecko) Chrome/150.0.0.0 Safari/537.36"}
{"level":"info","message":"Patient created successfully","patientId":"b3f20fb5-3da6-4dbb-ab49-8627fe0f9b4e","phoneNumber":"918590873289","service":"dearpal-whatsapp","timestamp":"2026-07-29 22:52:09.043"}
{"level":"info","message":"Text message sent successfully","messageId":"wamid.HBgMOTE4NTkwODczMjg5FQIAERgSQzEwMkJDQ0Q5MTc1QTQwNjRBAA==","phoneNumber":"918590873289","service":"dearpal-whatsapp","timestamp":"2026-07-29 22:52:11.288"}
{"level":"info","message":"WhatsApp welcome message sent to new patient","patientId":"b3f20fb5-3da6-4dbb-ab49-8627fe0f9b4e","service":"dearpal-whatsapp","timestamp":"2026-07-29 22:52:11.485"}
{"contentLength":"380","ip":"::1","level":"info","message":"Request completed","method":"POST","responseTimeMs":3327,"service":"dearpal-whatsapp","statusCode":201,"timestamp":"2026-07-29 22:52:11.487","url":"/api/patients","userAgent":"Mozilla/5.0 (Windows NT 10.0; Win64; x64) AppleWebKit/537.36 (KHTML, like Gecko) Chrome/150.0.0.0 Safari/537.36"}
{"contentLength":"380","ip":"::1","level":"info","message":"Request completed","method":"GET","responseTimeMs":773,"service":"dearpal-whatsapp","statusCode":200,"timestamp":"2026-07-29 22:52:12.315","url":"/api/patients/b3f20fb5-3da6-4dbb-ab49-8627fe0f9b4e","userAgent":"Mozilla/5.0 (Windows NT 10.0; Win64; x64) AppleWebKit/537.36 (KHTML, like Gecko) Chrome/150.0.0.0 Safari/537.36"}
{"contentLength":"30","ip":"::1","level":"info","message":"Request completed","method":"GET","responseTimeMs":1404,"service":"dearpal-whatsapp","statusCode":200,"timestamp":"2026-07-29 22:52:12.949","url":"/api/patients/b3f20fb5-3da6-4dbb-ab49-8627fe0f9b4e/sessions","userAgent":"Mozilla/5.0 (Windows NT 10.0; Win64; x64) AppleWebKit/537.36 (KHTML, like Gecko) Chrome/150.0.0.0 Safari/537.36"}
{"contentLength":"434","ip":"::1","level":"info","message":"Request completed","method":"GET","responseTimeMs":1715,"service":"dearpal-whatsapp","statusCode":200,"timestamp":"2026-07-29 22:52:13.263","url":"/api/patients/b3f20fb5-3da6-4dbb-ab49-8627fe0f9b4e/conversations","userAgent":"Mozilla/5.0 (Windows NT 10.0; Win64; x64) AppleWebKit/537.36 (KHTML, like Gecko) Chrome/150.0.0.0 Safari/537.36"}
{"contentLength":0,"ip":"::1","level":"info","message":"Request completed","method":"GET","responseTimeMs":1317,"service":"dearpal-whatsapp","statusCode":304,"timestamp":"2026-07-29 22:52:24.598","url":"/api/patients/b3f20fb5-3da6-4dbb-ab49-8627fe0f9b4e/conversations","userAgent":"Mozilla/5.0 (Windows NT 10.0; Win64; x64) AppleWebKit/537.36 (KHTML, like Gecko) Chrome/150.0.0.0 Safari/537.36"}
{"contentLength":0,"ip":"::1","level":"info","message":"Request completed","method":"GET","responseTimeMs":1142,"service":"dearpal-whatsapp","statusCode":304,"timestamp":"2026-07-29 22:52:35.753","url":"/api/patients/b3f20fb5-3da6-4dbb-ab49-8627fe0f9b4e/conversations","userAgent":"Mozilla/5.0 (Windows NT 10.0; Win64; x64) AppleWebKit/537.36 (KHTML, like Gecko) Chrome/150.0.0.0 Safari/537.36"}
{"contentLength":0,"ip":"::1","level":"info","message":"Request completed","method":"GET","responseTimeMs":1531,"service":"dearpal-whatsapp","statusCode":304,"timestamp":"2026-07-29 22:53:51.939","url":"/api/patients/b3f20fb5-3da6-4dbb-ab49-8627fe0f9b4e/conversations","userAgent":"Mozilla/5.0 (Windows NT 10.0; Win64; x64) AppleWebKit/537.36 (KHTML, like Gecko) Chrome/150.0.0.0 Safari/537.36"}
{"contentLength":0,"ip":"::1","level":"info","message":"Request completed","method":"GET","responseTimeMs":1412,"service":"dearpal-whatsapp","statusCode":304,"timestamp":"2026-07-29 22:54:03.373","url":"/api/patients/b3f20fb5-3da6-4dbb-ab49-8627fe0f9b4e/conversations","userAgent":"Mozilla/5.0 (Windows NT 10.0; Win64; x64) AppleWebKit/537.36 (KHTML, like Gecko) Chrome/150.0.0.0 Safari/537.36"}
{"contentLength":0,"ip":"::1","level":"info","message":"Request completed","method":"GET","responseTimeMs":1380,"service":"dearpal-whatsapp","statusCode":304,"timestamp":"2026-07-29 22:54:14.775","url":"/api/patients/b3f20fb5-3da6-4dbb-ab49-8627fe0f9b4e/conversations","userAgent":"Mozilla/5.0 (Windows NT 10.0; Win64; x64) AppleWebKit/537.36 (KHTML, like Gecko) Chrome/150.0.0.0 Safari/537.36"}
{"contentLength":0,"ip":"::1","level":"info","message":"Request completed","method":"GET","responseTimeMs":890,"service":"dearpal-whatsapp","statusCode":304,"timestamp":"2026-07-29 22:54:25.686","url":"/api/patients/b3f20fb5-3da6-4dbb-ab49-8627fe0f9b4e/conversations","userAgent":"Mozilla/5.0 (Windows NT 10.0; Win64; x64) AppleWebKit/537.36 (KHTML, like Gecko) Chrome/150.0.0.0 Safari/537.36"}
{"contentLength":0,"ip":"::1","level":"info","message":"Request completed","method":"GET","responseTimeMs":2957,"service":"dearpal-whatsapp","statusCode":304,"timestamp":"2026-07-29 22:54:38.660","url":"/api/patients/b3f20fb5-3da6-4dbb-ab49-8627fe0f9b4e/conversations","userAgent":"Mozilla/5.0 (Windows NT 10.0; Win64; x64) AppleWebKit/537.36 (KHTML, like Gecko) Chrome/150.0.0.0 Safari/537.36"}
{"contentLength":"436","ip":"::1","level":"info","message":"Request completed","method":"GET","responseTimeMs":691,"service":"dearpal-whatsapp","statusCode":200,"timestamp":"2026-07-29 22:54:39.367","url":"/api/patients?page=1&limit=10","userAgent":"Mozilla/5.0 (Windows NT 10.0; Win64; x64) AppleWebKit/537.36 (KHTML, like Gecko) Chrome/150.0.0.0 Safari/537.36"}
{"contentLength":"244","ip":"::1","level":"info","message":"Request completed","method":"GET","responseTimeMs":1119,"service":"dearpal-whatsapp","statusCode":200,"timestamp":"2026-07-29 22:54:41.029","url":"/api/dashboard/stats","userAgent":"Mozilla/5.0 (Windows NT 10.0; Win64; x64) AppleWebKit/537.36 (KHTML, like Gecko) Chrome/150.0.0.0 Safari/537.36"}
{"contentLength":0,"ip":"::1","level":"info","message":"Request completed","method":"GET","responseTimeMs":291,"service":"dearpal-whatsapp","statusCode":304,"timestamp":"2026-07-29 22:54:41.427","url":"/api/patients?page=1&limit=10","userAgent":"Mozilla/5.0 (Windows NT 10.0; Win64; x64) AppleWebKit/537.36 (KHTML, like Gecko) Chrome/150.0.0.0 Safari/537.36"}
{"contentLength":"84","ip":"::1","level":"info","message":"Request completed","method":"GET","responseTimeMs":1292,"service":"dearpal-whatsapp","statusCode":200,"timestamp":"2026-07-29 22:54:51.843","url":"/api/patients?risk=High&page=1&limit=10","userAgent":"Mozilla/5.0 (Windows NT 10.0; Win64; x64) AppleWebKit/537.36 (KHTML, like Gecko) Chrome/150.0.0.0 Safari/537.36"}
{"contentLength":"436","ip":"::1","level":"info","message":"Request completed","method":"GET","responseTimeMs":391,"service":"dearpal-whatsapp","statusCode":200,"timestamp":"2026-07-29 22:54:52.698","url":"/api/patients?status=Active&page=1&limit=10","userAgent":"Mozilla/5.0 (Windows NT 10.0; Win64; x64) AppleWebKit/537.36 (KHTML, like Gecko) Chrome/150.0.0.0 Safari/537.36"}
{"contentLength":0,"ip":"::1","level":"info","message":"Request completed","method":"GET","responseTimeMs":556,"service":"dearpal-whatsapp","statusCode":304,"timestamp":"2026-07-29 22:54:57.070","url":"/api/patients/b3f20fb5-3da6-4dbb-ab49-8627fe0f9b4e","userAgent":"Mozilla/5.0 (Windows NT 10.0; Win64; x64) AppleWebKit/537.36 (KHTML, like Gecko) Chrome/150.0.0.0 Safari/537.36"}
{"contentLength":0,"ip":"::1","level":"info","message":"Request completed","method":"GET","responseTimeMs":1545,"service":"dearpal-whatsapp","statusCode":304,"timestamp":"2026-07-29 22:54:58.063","url":"/api/patients/b3f20fb5-3da6-4dbb-ab49-8627fe0f9b4e/sessions","userAgent":"Mozilla/5.0 (Windows NT 10.0; Win64; x64) AppleWebKit/537.36 (KHTML, like Gecko) Chrome/150.0.0.0 Safari/537.36"}
{"contentLength":0,"ip":"::1","level":"info","message":"Request completed","method":"GET","responseTimeMs":1615,"service":"dearpal-whatsapp","statusCode":304,"timestamp":"2026-07-29 22:54:58.138","url":"/api/patients/b3f20fb5-3da6-4dbb-ab49-8627fe0f9b4e/conversations","userAgent":"Mozilla/5.0 (Windows NT 10.0; Win64; x64) AppleWebKit/537.36 (KHTML, like Gecko) Chrome/150.0.0.0 Safari/537.36"}
{"error":"fetch failed","level":"warn","message":"Authentication failed for request","service":"dearpal-whatsapp","timestamp":"2026-07-29 22:59:08.812"}
{"contentLength":"69","ip":"::1","level":"warn","message":"Request completed with client error","method":"GET","responseTimeMs":10661,"service":"dearpal-whatsapp","statusCode":401,"timestamp":"2026-07-29 22:59:08.814","url":"/api/patients/b3f20fb5-3da6-4dbb-ab49-8627fe0f9b4e/conversations","userAgent":"Mozilla/5.0 (Windows NT 10.0; Win64; x64) AppleWebKit/537.36 (KHTML, like Gecko) Chrome/150.0.0.0 Safari/537.36"}
{"error":"fetch failed","level":"warn","message":"Authentication failed for request","service":"dearpal-whatsapp","timestamp":"2026-07-29 22:59:15.938"}
{"contentLength":"69","ip":"::1","level":"warn","message":"Request completed with client error","method":"GET","responseTimeMs":10633,"service":"dearpal-whatsapp","statusCode":401,"timestamp":"2026-07-29 22:59:15.939","url":"/api/dashboard/stats","userAgent":"Mozilla/5.0 (Windows NT 10.0; Win64; x64) AppleWebKit/537.36 (KHTML, like Gecko) Chrome/150.0.0.0 Safari/537.36"}
{"error":"fetch failed","level":"warn","message":"Authentication failed for request","service":"dearpal-whatsapp","timestamp":"2026-07-29 22:59:22.943"}
{"contentLength":"69","ip":"::1","level":"warn","message":"Request completed with client error","method":"GET","responseTimeMs":5981,"service":"dearpal-whatsapp","statusCode":401,"timestamp":"2026-07-29 22:59:22.945","url":"/api/dashboard/stats","userAgent":"Mozilla/5.0 (Windows NT 10.0; Win64; x64) AppleWebKit/537.36 (KHTML, like Gecko) Chrome/150.0.0.0 Safari/537.36"}
{"error":"fetch failed","level":"warn","message":"Authentication failed for request","service":"dearpal-whatsapp","timestamp":"2026-07-29 22:59:25.802"}
{"contentLength":"69","ip":"::1","level":"warn","message":"Request completed with client error","method":"GET","responseTimeMs":5,"service":"dearpal-whatsapp","statusCode":401,"timestamp":"2026-07-29 22:59:25.804","url":"/api/dashboard/stats","userAgent":"Mozilla/5.0 (Windows NT 10.0; Win64; x64) AppleWebKit/537.36 (KHTML, like Gecko) Chrome/150.0.0.0 Safari/537.36"}
{"error":"fetch failed","level":"warn","message":"Authentication failed for request","service":"dearpal-whatsapp","timestamp":"2026-07-29 22:59:26.825"}
{"contentLength":"69","ip":"::1","level":"warn","message":"Request completed with client error","method":"GET","responseTimeMs":5,"service":"dearpal-whatsapp","statusCode":401,"timestamp":"2026-07-29 22:59:26.827","url":"/api/dashboard/stats","userAgent":"Mozilla/5.0 (Windows NT 10.0; Win64; x64) AppleWebKit/537.36 (KHTML, like Gecko) Chrome/150.0.0.0 Safari/537.36"}
{"apiVersion":"v23.0","environment":"development","level":"info","message":"🚀 DearPal WhatsApp Service started","port":3000,"service":"dearpal-whatsapp","timestamp":"2026-07-30 06:37:31.014"}
{"level":"info","message":"Health check: http://localhost:3000/health","service":"dearpal-whatsapp","timestamp":"2026-07-30 06:37:31.020"}
{"level":"info","message":"Webhook URL:  http://localhost:3000/webhook","service":"dearpal-whatsapp","timestamp":"2026-07-30 06:37:31.021"}
{"level":"info","message":"SIGINT received. Starting graceful shutdown...","service":"dearpal-whatsapp","timestamp":"2026-07-30 06:37:46.185"}
{"apiVersion":"v23.0","environment":"development","level":"info","message":"🚀 DearPal WhatsApp Service started","port":3000,"service":"dearpal-whatsapp","timestamp":"2026-07-31 07:06:05.977"}
{"level":"info","message":"Health check: http://localhost:3000/health","service":"dearpal-whatsapp","timestamp":"2026-07-31 07:06:05.984"}
{"level":"info","message":"Webhook URL:  http://localhost:3000/webhook","service":"dearpal-whatsapp","timestamp":"2026-07-31 07:06:05.984"}
{"contentLength":139,"ip":"::1","level":"warn","message":"Request completed with client error","method":"GET","responseTimeMs":6,"service":"dearpal-whatsapp","statusCode":404,"timestamp":"2026-07-31 07:06:06.096","url":"/","userAgent":"Mozilla/5.0 (Windows NT 10.0; Win64; x64) AppleWebKit/537.36 (KHTML, like Gecko) Chrome/150.0.0.0 Safari/537.36"}
{"contentLength":139,"ip":"::1","level":"warn","message":"Request completed with client error","method":"GET","responseTimeMs":2,"service":"dearpal-whatsapp","statusCode":404,"timestamp":"2026-07-31 07:07:48.686","url":"/","userAgent":"Mozilla/5.0 (Windows NT 10.0; Win64; x64) AppleWebKit/537.36 (KHTML, like Gecko) Chrome/150.0.0.0 Safari/537.36"}
{"apiVersion":"v23.0","environment":"development","level":"info","message":"🚀 DearPal WhatsApp Service started","port":3000,"service":"dearpal-whatsapp","timestamp":"2026-07-31 07:23:34.877"}
{"level":"info","message":"Health check: http://localhost:3000/health","service":"dearpal-whatsapp","timestamp":"2026-07-31 07:23:34.883"}
{"level":"info","message":"Webhook URL:  http://localhost:3000/webhook","service":"dearpal-whatsapp","timestamp":"2026-07-31 07:23:34.884"}
{"level":"info","message":"SIGINT received. Starting graceful shutdown...","service":"dearpal-whatsapp","timestamp":"2026-07-31 07:24:01.411"}
{"id":"d932c742-881c-45ab-bd46-2d4c8a351c72","level":"info","message":"Reprocessing knowledge document","service":"dearpal-whatsapp","timestamp":"2026-08-11 21:38:11.935"}
{"documentId":"d932c742-881c-45ab-bd46-2d4c8a351c72","fileName":"Self-Esteem Information Sheet - 01 - What is Low Self-Esteem.pdf","level":"info","message":"Starting document processing pipeline","service":"dearpal-whatsapp","storagePath":"documents/d932c742-881c-45ab-bd46-2d4c8a351c72/Self-Esteem_Information_Sheet_-_01_-_What_is_Low_Self-Esteem.pdf","timestamp":"2026-08-11 21:38:13.507"}
{"level":"info","message":"Downloading file from Supabase Storage for processing","service":"dearpal-whatsapp","storagePath":"documents/d932c742-881c-45ab-bd46-2d4c8a351c72/Self-Esteem_Information_Sheet_-_01_-_What_is_Low_Self-Esteem.pdf","timestamp":"2026-08-11 21:38:13.711"}
{"ext":"pdf","fileName":"Self-Esteem Information Sheet - 01 - What is Low Self-Esteem.pdf","level":"info","message":"Extracting text from document","mimeType":"application/pdf","service":"dearpal-whatsapp","size":134041,"timestamp":"2026-08-11 21:38:14.626"}
{"error":"pdfParse is not a function","level":"warn","message":"pdf-parse failed, using fallback regex text cleaner","service":"dearpal-whatsapp","timestamp":"2026-08-11 21:38:16.274"}
{"level":"info","message":"Text chunking complete","service":"dearpal-whatsapp","timestamp":"2026-08-11 21:38:16.331","totalChars":80690,"totalChunks":216}
{"level":"info","message":"Generating 216 embeddings with Xenova/all-MiniLM-L6-v2...","service":"dearpal-whatsapp","timestamp":"2026-08-11 21:38:16.332"}
{"level":"info","message":"Initializing local embedding model 'Xenova/all-MiniLM-L6-v2'...","service":"dearpal-whatsapp","timestamp":"2026-08-11 21:38:16.333"}
{"level":"info","message":"Local embedding model 'Xenova/all-MiniLM-L6-v2' loaded successfully","service":"dearpal-whatsapp","timestamp":"2026-08-11 21:38:24.401"}
{"chunksCount":216,"documentId":"d932c742-881c-45ab-bd46-2d4c8a351c72","level":"info","message":"Document processing pipeline completed successfully","service":"dearpal-whatsapp","timestamp":"2026-08-11 21:38:25.716"}
{"id":"d932c742-881c-45ab-bd46-2d4c8a351c72","level":"info","message":"Reprocessing knowledge document","service":"dearpal-whatsapp","timestamp":"2026-08-11 21:40:08.352"}
{"documentId":"d932c742-881c-45ab-bd46-2d4c8a351c72","fileName":"Self-Esteem Information Sheet - 01 - What is Low Self-Esteem.pdf","level":"info","message":"Starting document processing pipeline","service":"dearpal-whatsapp","storagePath":"documents/d932c742-881c-45ab-bd46-2d4c8a351c72/Self-Esteem_Information_Sheet_-_01_-_What_is_Low_Self-Esteem.pdf","timestamp":"2026-08-11 21:40:08.900"}
{"level":"info","message":"Downloading file from Supabase Storage for processing","service":"dearpal-whatsapp","storagePath":"documents/d932c742-881c-45ab-bd46-2d4c8a351c72/Self-Esteem_Information_Sheet_-_01_-_What_is_Low_Self-Esteem.pdf","timestamp":"2026-08-11 21:40:08.990"}
{"ext":"pdf","fileName":"Self-Esteem Information Sheet - 01 - What is Low Self-Esteem.pdf","level":"info","message":"Extracting text from document","mimeType":"application/pdf","service":"dearpal-whatsapp","size":134041,"timestamp":"2026-08-11 21:40:09.323"}
{"error":"pdf-parse function could not be loaded","level":"warn","message":"pdf-parse failed, using fallback regex text cleaner","service":"dearpal-whatsapp","timestamp":"2026-08-11 21:40:10.048"}
{"level":"info","message":"Text chunking complete","service":"dearpal-whatsapp","timestamp":"2026-08-11 21:40:10.080","totalChars":80690,"totalChunks":216}
{"level":"info","message":"Generating 216 embeddings with Xenova/all-MiniLM-L6-v2...","service":"dearpal-whatsapp","timestamp":"2026-08-11 21:40:10.081"}
{"level":"info","message":"Initializing local embedding model 'Xenova/all-MiniLM-L6-v2'...","service":"dearpal-whatsapp","timestamp":"2026-08-11 21:40:10.082"}
{"level":"info","message":"Local embedding model 'Xenova/all-MiniLM-L6-v2' loaded successfully","service":"dearpal-whatsapp","timestamp":"2026-08-11 21:40:10.880"}
{"chunksCount":216,"documentId":"d932c742-881c-45ab-bd46-2d4c8a351c72","level":"info","message":"Document processing pipeline completed successfully","service":"dearpal-whatsapp","timestamp":"2026-08-11 21:40:12.019"}
{"id":"d932c742-881c-45ab-bd46-2d4c8a351c72","level":"info","message":"Reprocessing knowledge document","service":"dearpal-whatsapp","timestamp":"2026-08-11 22:05:08.040"}
{"documentId":"d932c742-881c-45ab-bd46-2d4c8a351c72","fileName":"Self-Esteem Information Sheet - 01 - What is Low Self-Esteem.pdf","level":"info","message":"Starting document processing pipeline","service":"dearpal-whatsapp","storagePath":"documents/d932c742-881c-45ab-bd46-2d4c8a351c72/Self-Esteem_Information_Sheet_-_01_-_What_is_Low_Self-Esteem.pdf","timestamp":"2026-08-11 22:05:09.136"}
{"level":"info","message":"Downloading file from Supabase Storage for processing","service":"dearpal-whatsapp","storagePath":"documents/d932c742-881c-45ab-bd46-2d4c8a351c72/Self-Esteem_Information_Sheet_-_01_-_What_is_Low_Self-Esteem.pdf","timestamp":"2026-08-11 22:05:09.229"}
{"ext":"pdf","fileName":"Self-Esteem Information Sheet - 01 - What is Low Self-Esteem.pdf","level":"info","message":"Extracting text from document","mimeType":"application/pdf","service":"dearpal-whatsapp","size":134041,"timestamp":"2026-08-11 22:05:09.703"}
{"charCount":4593,"fileName":"Self-Esteem Information Sheet - 01 - What is Low Self-Esteem.pdf","level":"info","message":"PDF text extraction successful","service":"dearpal-whatsapp","timestamp":"2026-08-11 22:05:10.819"}
{"level":"info","message":"Text chunking complete","service":"dearpal-whatsapp","timestamp":"2026-08-11 22:05:10.822","totalChars":4593,"totalChunks":107}
{"level":"info","message":"Generating 107 embeddings with Xenova/all-MiniLM-L6-v2...","service":"dearpal-whatsapp","timestamp":"2026-08-11 22:05:10.823"}
{"level":"info","message":"Initializing local embedding model 'Xenova/all-MiniLM-L6-v2'...","service":"dearpal-whatsapp","timestamp":"2026-08-11 22:05:10.824"}
{"level":"info","message":"Local embedding model 'Xenova/all-MiniLM-L6-v2' loaded successfully","service":"dearpal-whatsapp","timestamp":"2026-08-11 22:05:11.835"}
{"chunksCount":107,"documentId":"d932c742-881c-45ab-bd46-2d4c8a351c72","level":"info","message":"Document processing pipeline completed successfully","service":"dearpal-whatsapp","timestamp":"2026-08-11 22:05:12.851"}
{"level":"info","message":"Vector search started","queryLength":38,"service":"dearpal-whatsapp","threshold":0.3,"timestamp":"2026-08-11 22:06:49.069","topK":5}
{"level":"info","message":"Initializing local embedding model 'Xenova/all-MiniLM-L6-v2'...","service":"dearpal-whatsapp","timestamp":"2026-08-11 22:06:49.075"}
{"level":"info","message":"Local embedding model 'Xenova/all-MiniLM-L6-v2' loaded successfully","service":"dearpal-whatsapp","timestamp":"2026-08-11 22:06:49.873"}
{"dimensions":384,"level":"info","message":"Query embedding generated","model":"Xenova/all-MiniLM-L6-v2","service":"dearpal-whatsapp","timestamp":"2026-08-11 22:06:49.892"}
{"level":"info","message":"Number of approved documents available: 1","service":"dearpal-whatsapp","timestamp":"2026-08-11 22:06:50.488"}
{"level":"info","message":"Vector search completed","numberOfResults":1,"service":"dearpal-whatsapp","timestamp":"2026-08-11 22:06:50.696","topSimilarityScore":0.7822}
{"level":"info","message":"Vector search started","queryLength":47,"service":"dearpal-whatsapp","threshold":0.3,"timestamp":"2026-08-11 22:06:50.698","topK":5}
{"dimensions":384,"level":"info","message":"Query embedding generated","model":"Xenova/all-MiniLM-L6-v2","service":"dearpal-whatsapp","timestamp":"2026-08-11 22:06:50.707"}
{"level":"info","message":"Number of approved documents available: 1","service":"dearpal-whatsapp","timestamp":"2026-08-11 22:06:50.837"}
{"level":"info","message":"Vector search completed","numberOfResults":1,"service":"dearpal-whatsapp","timestamp":"2026-08-11 22:06:50.921","topSimilarityScore":0.844}
{"level":"info","message":"Vector search started","queryLength":30,"service":"dearpal-whatsapp","threshold":0.5,"timestamp":"2026-08-11 22:06:50.922","topK":5}
{"dimensions":384,"level":"info","message":"Query embedding generated","model":"Xenova/all-MiniLM-L6-v2","service":"dearpal-whatsapp","timestamp":"2026-08-11 22:06:50.931"}
{"level":"info","message":"Number of approved documents available: 1","service":"dearpal-whatsapp","timestamp":"2026-08-11 22:06:51.070"}
{"level":"info","message":"No relevant knowledge found (no chunks met similarity threshold)","service":"dearpal-whatsapp","timestamp":"2026-08-11 22:06:51.157"}
{"level":"info","message":"RAG query started","queryLength":38,"service":"dearpal-whatsapp","timestamp":"2026-08-11 22:07:11.324"}
{"level":"info","message":"Vector search started","queryLength":38,"service":"dearpal-whatsapp","threshold":0.3,"timestamp":"2026-08-11 22:07:11.334","topK":5}
{"level":"info","message":"Initializing local embedding model 'Xenova/all-MiniLM-L6-v2'...","service":"dearpal-whatsapp","timestamp":"2026-08-11 22:07:11.336"}
{"level":"info","message":"Local embedding model 'Xenova/all-MiniLM-L6-v2' loaded successfully","service":"dearpal-whatsapp","timestamp":"2026-08-11 22:07:12.320"}
{"dimensions":384,"level":"info","message":"Query embedding generated","model":"Xenova/all-MiniLM-L6-v2","service":"dearpal-whatsapp","timestamp":"2026-08-11 22:07:12.345"}
{"level":"info","message":"Number of approved documents available: 1","service":"dearpal-whatsapp","timestamp":"2026-08-11 22:07:12.853"}
{"level":"info","message":"Vector search completed","numberOfResults":1,"service":"dearpal-whatsapp","timestamp":"2026-08-11 22:07:13.159","topSimilarityScore":0.7822}
{"level":"info","message":"Number of chunks retrieved: 1","service":"dearpal-whatsapp","timestamp":"2026-08-11 22:07:13.160"}
{"level":"info","message":"Top similarity score: 0.7822","service":"dearpal-whatsapp","timestamp":"2026-08-11 22:07:13.161"}
{"contextLength":922,"level":"info","message":"Context built","service":"dearpal-whatsapp","timestamp":"2026-08-11 22:07:13.162"}
{"level":"info","message":"Sarvam 105B request started","service":"dearpal-whatsapp","timestamp":"2026-08-11 22:07:13.163"}
{"level":"info","message":"Calling Sarvam 105B Custom Completion","service":"dearpal-whatsapp","temperature":0.3,"timestamp":"2026-08-11 22:07:13.163","userMessageLength":996}
{"level":"info","message":"Sarvam 105B Custom Completion complete","service":"dearpal-whatsapp","timestamp":"2026-08-11 22:07:32.831"}
{"level":"info","message":"Sarvam response received","service":"dearpal-whatsapp","timestamp":"2026-08-11 22:07:32.832"}
{"level":"info","message":"RAG generation completed","service":"dearpal-whatsapp","timestamp":"2026-08-11 22:07:32.832"}
{"level":"info","message":"RAG query started","queryLength":30,"service":"dearpal-whatsapp","timestamp":"2026-08-11 22:07:32.833"}
{"level":"info","message":"Vector search started","queryLength":30,"service":"dearpal-whatsapp","threshold":0.5,"timestamp":"2026-08-11 22:07:32.834","topK":5}
{"dimensions":384,"level":"info","message":"Query embedding generated","model":"Xenova/all-MiniLM-L6-v2","service":"dearpal-whatsapp","timestamp":"2026-08-11 22:07:32.844"}
{"level":"info","message":"Number of approved documents available: 1","service":"dearpal-whatsapp","timestamp":"2026-08-11 22:07:33.033"}
{"level":"info","message":"No relevant knowledge found (no chunks met similarity threshold)","service":"dearpal-whatsapp","timestamp":"2026-08-11 22:07:33.160"}
{"level":"info","message":"Number of chunks retrieved: 0","service":"dearpal-whatsapp","timestamp":"2026-08-11 22:07:33.160"}
{"level":"info","message":"Top similarity score: 0","service":"dearpal-whatsapp","timestamp":"2026-08-11 22:07:33.160"}
{"level":"info","message":"No relevant chunks found above similarity threshold; skipping Sarvam 105B call","service":"dearpal-whatsapp","timestamp":"2026-08-11 22:07:33.161"}
{"level":"info","message":"RAG query started","queryLength":38,"service":"dearpal-whatsapp","timestamp":"2026-08-11 22:20:50.089","topK":5}
{"level":"info","message":"Vector search started","queryLength":38,"service":"dearpal-whatsapp","threshold":0.3,"timestamp":"2026-08-11 22:20:50.096","topK":5}
{"level":"info","message":"Initializing local embedding model 'Xenova/all-MiniLM-L6-v2'...","service":"dearpal-whatsapp","timestamp":"2026-08-11 22:20:50.097"}
{"level":"info","message":"Local embedding model 'Xenova/all-MiniLM-L6-v2' loaded successfully","service":"dearpal-whatsapp","timestamp":"2026-08-11 22:20:50.930"}
{"dimensions":384,"level":"info","message":"Query embedding generated","model":"Xenova/all-MiniLM-L6-v2","service":"dearpal-whatsapp","timestamp":"2026-08-11 22:20:50.951"}
{"level":"info","message":"Number of approved documents available: 1","service":"dearpal-whatsapp","timestamp":"2026-08-11 22:20:51.651"}
{"level":"info","message":"Vector search completed","numberOfResults":1,"service":"dearpal-whatsapp","timestamp":"2026-08-11 22:20:51.933","topSimilarityScore":0.7822}
{"level":"info","message":"Number of chunks retrieved: 1","service":"dearpal-whatsapp","timestamp":"2026-08-11 22:20:51.934"}
{"level":"info","message":"Top similarity score: 0.7822","service":"dearpal-whatsapp","timestamp":"2026-08-11 22:20:51.935"}
{"contextLength":922,"level":"info","message":"Context built","service":"dearpal-whatsapp","timestamp":"2026-08-11 22:20:51.937"}
{"level":"info","message":"Sarvam 105B request started","service":"dearpal-whatsapp","timestamp":"2026-08-11 22:20:51.938"}
{"level":"info","message":"Calling Sarvam 105B Custom Completion","service":"dearpal-whatsapp","temperature":0.3,"timestamp":"2026-08-11 22:20:51.939","userMessageLength":996}
{"level":"info","message":"Sarvam 105B Custom Completion complete","service":"dearpal-whatsapp","timestamp":"2026-08-11 22:21:02.077"}
{"level":"info","message":"Sarvam response received","service":"dearpal-whatsapp","timestamp":"2026-08-11 22:21:02.078"}
{"level":"info","message":"RAG generation completed","service":"dearpal-whatsapp","timestamp":"2026-08-11 22:21:02.078"}
{"level":"info","message":"RAG query started","queryLength":30,"service":"dearpal-whatsapp","threshold":0.5,"timestamp":"2026-08-11 22:21:02.080","topK":5}
{"level":"info","message":"Vector search started","queryLength":30,"service":"dearpal-whatsapp","threshold":0.5,"timestamp":"2026-08-11 22:21:02.080","topK":5}
{"dimensions":384,"level":"info","message":"Query embedding generated","model":"Xenova/all-MiniLM-L6-v2","service":"dearpal-whatsapp","timestamp":"2026-08-11 22:21:02.092"}
{"level":"info","message":"Number of approved documents available: 1","service":"dearpal-whatsapp","timestamp":"2026-08-11 22:21:02.378"}
{"level":"info","message":"No relevant knowledge found (no chunks met similarity threshold)","service":"dearpal-whatsapp","timestamp":"2026-08-11 22:21:02.667"}
{"level":"info","message":"Number of chunks retrieved: 0","service":"dearpal-whatsapp","timestamp":"2026-08-11 22:21:02.668"}
{"level":"info","message":"Top similarity score: 0","service":"dearpal-whatsapp","timestamp":"2026-08-11 22:21:02.668"}
{"level":"info","message":"No relevant chunks found above similarity threshold; skipping Sarvam 105B call","service":"dearpal-whatsapp","timestamp":"2026-08-11 22:21:02.668"}
{"level":"info","message":"RAG query started","queryLength":38,"service":"dearpal-whatsapp","timestamp":"2026-08-11 22:30:48.535","topK":5}
{"level":"info","message":"Vector search started","queryLength":38,"service":"dearpal-whatsapp","threshold":0.3,"timestamp":"2026-08-11 22:30:48.540","topK":5}
{"level":"info","message":"Initializing local embedding model 'Xenova/all-MiniLM-L6-v2'...","service":"dearpal-whatsapp","timestamp":"2026-08-11 22:30:48.541"}
{"level":"info","message":"Local embedding model 'Xenova/all-MiniLM-L6-v2' loaded successfully","service":"dearpal-whatsapp","timestamp":"2026-08-11 22:30:49.312"}
{"dimensions":384,"level":"info","message":"Query embedding generated","model":"Xenova/all-MiniLM-L6-v2","service":"dearpal-whatsapp","timestamp":"2026-08-11 22:30:49.330"}
{"level":"info","message":"Number of approved documents available: 1","service":"dearpal-whatsapp","timestamp":"2026-08-11 22:30:49.827"}
{"level":"info","message":"Vector search completed","numberOfResults":1,"service":"dearpal-whatsapp","timestamp":"2026-08-11 22:30:50.017","topSimilarityScore":0.7822}
{"level":"info","message":"Number of chunks retrieved: 1","service":"dearpal-whatsapp","timestamp":"2026-08-11 22:30:50.017"}
{"level":"info","message":"Top similarity score: 0.7822","service":"dearpal-whatsapp","timestamp":"2026-08-11 22:30:50.018"}
{"estimatedContextTokens":231,"level":"info","message":"Context built","numberOfChunks":1,"service":"dearpal-whatsapp","systemPromptLength":677,"timestamp":"2026-08-11 22:30:50.019","totalContextChars":922,"userQuestionLength":38}
{"level":"info","message":"Sarvam 105B request started","service":"dearpal-whatsapp","timestamp":"2026-08-11 22:30:50.019"}
{"level":"info","maxTokens":1024,"message":"Calling Sarvam 105B Custom Completion","service":"dearpal-whatsapp","temperature":0.3,"timestamp":"2026-08-11 22:30:50.020","userMessageLength":996}
{"completionTokens":959,"finishReason":"stop","level":"info","message":"Sarvam 105B Custom Completion complete","promptTokens":352,"responseLength":740,"service":"dearpal-whatsapp","timestamp":"2026-08-11 22:30:57.950"}
{"level":"info","message":"Sarvam response received","service":"dearpal-whatsapp","timestamp":"2026-08-11 22:30:57.950"}
{"level":"info","message":"RAG generation completed","service":"dearpal-whatsapp","timestamp":"2026-08-11 22:30:57.951"}
{"level":"info","message":"RAG query started","queryLength":30,"service":"dearpal-whatsapp","threshold":0.5,"timestamp":"2026-08-11 22:30:57.952","topK":5}
{"level":"info","message":"Vector search started","queryLength":30,"service":"dearpal-whatsapp","threshold":0.5,"timestamp":"2026-08-11 22:30:57.952","topK":5}
{"dimensions":384,"level":"info","message":"Query embedding generated","model":"Xenova/all-MiniLM-L6-v2","service":"dearpal-whatsapp","timestamp":"2026-08-11 22:30:57.968"}
{"level":"info","message":"Number of approved documents available: 1","service":"dearpal-whatsapp","timestamp":"2026-08-11 22:30:58.188"}
{"level":"info","message":"No relevant knowledge found (no chunks met similarity threshold)","service":"dearpal-whatsapp","timestamp":"2026-08-11 22:30:58.348"}
{"level":"info","message":"Number of chunks retrieved: 0","service":"dearpal-whatsapp","timestamp":"2026-08-11 22:30:58.348"}
{"level":"info","message":"Top similarity score: 0","service":"dearpal-whatsapp","timestamp":"2026-08-11 22:30:58.348"}
{"level":"info","message":"No relevant chunks found above similarity threshold; skipping Sarvam 105B call","service":"dearpal-whatsapp","timestamp":"2026-08-11 22:30:58.349"}
{"level":"info","message":"RAG query started","queryLength":59,"service":"dearpal-whatsapp","timestamp":"2026-08-11 22:30:58.350","topK":5}
{"level":"info","message":"Vector search started","queryLength":59,"service":"dearpal-whatsapp","threshold":0.3,"timestamp":"2026-08-11 22:30:58.351","topK":5}
{"dimensions":384,"level":"info","message":"Query embedding generated","model":"Xenova/all-MiniLM-L6-v2","service":"dearpal-whatsapp","timestamp":"2026-08-11 22:30:58.370"}
{"level":"info","message":"Number of approved documents available: 1","service":"dearpal-whatsapp","timestamp":"2026-08-11 22:30:58.552"}
{"level":"info","message":"Vector search completed","numberOfResults":1,"service":"dearpal-whatsapp","timestamp":"2026-08-11 22:30:58.755","topSimilarityScore":0.8164}
{"level":"info","message":"Number of chunks retrieved: 1","service":"dearpal-whatsapp","timestamp":"2026-08-11 22:30:58.755"}
{"level":"info","message":"Top similarity score: 0.8164","service":"dearpal-whatsapp","timestamp":"2026-08-11 22:30:58.756"}
{"estimatedContextTokens":231,"level":"info","message":"Context built","numberOfChunks":1,"service":"dearpal-whatsapp","systemPromptLength":677,"timestamp":"2026-08-11 22:30:58.756","totalContextChars":922,"userQuestionLength":59}
{"level":"info","message":"Sarvam 105B request started","service":"dearpal-whatsapp","timestamp":"2026-08-11 22:30:58.756"}
{"level":"info","maxTokens":1024,"message":"Calling Sarvam 105B Custom Completion","service":"dearpal-whatsapp","temperature":0.3,"timestamp":"2026-08-11 22:30:58.757","userMessageLength":1017}
{"completionTokens":796,"finishReason":"stop","level":"info","message":"Sarvam 105B Custom Completion complete","promptTokens":353,"responseLength":167,"service":"dearpal-whatsapp","timestamp":"2026-08-11 22:31:03.783"}
{"level":"info","message":"Sarvam response received","service":"dearpal-whatsapp","timestamp":"2026-08-11 22:31:03.783"}
{"level":"info","message":"RAG generation completed","service":"dearpal-whatsapp","timestamp":"2026-08-11 22:31:03.783"}
{"level":"info","message":"RAG query started","queryLength":130,"service":"dearpal-whatsapp","timestamp":"2026-08-11 22:31:03.784","topK":5}
{"level":"info","message":"Vector search started","queryLength":130,"service":"dearpal-whatsapp","threshold":0.3,"timestamp":"2026-08-11 22:31:03.784","topK":5}
{"dimensions":384,"level":"info","message":"Query embedding generated","model":"Xenova/all-MiniLM-L6-v2","service":"dearpal-whatsapp","timestamp":"2026-08-11 22:31:03.799"}
{"level":"info","message":"Number of approved documents available: 1","service":"dearpal-whatsapp","timestamp":"2026-08-11 22:31:03.928"}
{"level":"info","message":"Vector search completed","numberOfResults":1,"service":"dearpal-whatsapp","timestamp":"2026-08-11 22:31:04.104","topSimilarityScore":0.7839}
{"level":"info","message":"Number of chunks retrieved: 1","service":"dearpal-whatsapp","timestamp":"2026-08-11 22:31:04.105"}
{"level":"info","message":"Top similarity score: 0.7839","service":"dearpal-whatsapp","timestamp":"2026-08-11 22:31:04.105"}
{"estimatedContextTokens":231,"level":"info","message":"Context built","numberOfChunks":1,"service":"dearpal-whatsapp","systemPromptLength":677,"timestamp":"2026-08-11 22:31:04.105","totalContextChars":922,"userQuestionLength":130}
{"level":"info","message":"Sarvam 105B request started","service":"dearpal-whatsapp","timestamp":"2026-08-11 22:31:04.105"}
{"level":"info","maxTokens":1024,"message":"Calling Sarvam 105B Custom Completion","service":"dearpal-whatsapp","temperature":0.3,"timestamp":"2026-08-11 22:31:04.106","userMessageLength":1088}
{"completionTokens":1024,"finishReason":"length","level":"info","message":"Sarvam 105B Custom Completion complete","promptTokens":366,"responseLength":0,"service":"dearpal-whatsapp","timestamp":"2026-08-11 22:31:12.109"}
{"error":"Empty response content received from Sarvam 105B API","level":"error","message":"Sarvam 105B generation failed","service":"dearpal-whatsapp","timestamp":"2026-08-11 22:31:12.110"}
{"level":"info","message":"RAG query started","queryLength":38,"service":"dearpal-whatsapp","timestamp":"2026-08-11 22:32:22.372","topK":5}
{"level":"info","message":"Vector search started","queryLength":38,"service":"dearpal-whatsapp","threshold":0.3,"timestamp":"2026-08-11 22:32:22.383","topK":5}
{"level":"info","message":"Initializing local embedding model 'Xenova/all-MiniLM-L6-v2'...","service":"dearpal-whatsapp","timestamp":"2026-08-11 22:32:22.387"}
{"level":"info","message":"Local embedding model 'Xenova/all-MiniLM-L6-v2' loaded successfully","service":"dearpal-whatsapp","timestamp":"2026-08-11 22:32:23.753"}
{"dimensions":384,"level":"info","message":"Query embedding generated","model":"Xenova/all-MiniLM-L6-v2","service":"dearpal-whatsapp","timestamp":"2026-08-11 22:32:23.787"}
{"level":"info","message":"Number of approved documents available: 1","service":"dearpal-whatsapp","timestamp":"2026-08-11 22:32:24.197"}
{"level":"info","message":"Vector search completed","numberOfResults":1,"service":"dearpal-whatsapp","timestamp":"2026-08-11 22:32:24.375","topSimilarityScore":0.7822}
{"level":"info","message":"Number of chunks retrieved: 1","service":"dearpal-whatsapp","timestamp":"2026-08-11 22:32:24.376"}
{"level":"info","message":"Top similarity score: 0.7822","service":"dearpal-whatsapp","timestamp":"2026-08-11 22:32:24.377"}
{"estimatedContextTokens":231,"level":"info","message":"Context built","numberOfChunks":1,"service":"dearpal-whatsapp","systemPromptLength":677,"timestamp":"2026-08-11 22:32:24.379","totalContextChars":922,"userQuestionLength":38}
{"level":"info","message":"Sarvam 105B request started","service":"dearpal-whatsapp","timestamp":"2026-08-11 22:32:24.380"}
{"level":"info","maxTokens":512,"message":"Calling Sarvam 105B Custom Completion","service":"dearpal-whatsapp","temperature":0.3,"timestamp":"2026-08-11 22:32:24.381","userMessageLength":996}
{"completionTokens":512,"finishReason":"length","level":"info","message":"Sarvam 105B Custom Completion complete","promptTokens":352,"responseLength":0,"service":"dearpal-whatsapp","timestamp":"2026-08-11 22:32:29.186"}
{"error":"Empty response content received from Sarvam 105B API (finish_reason: length)","level":"error","message":"Sarvam 105B generation failed","service":"dearpal-whatsapp","timestamp":"2026-08-11 22:32:29.187"}
{"level":"info","message":"RAG query started","queryLength":38,"service":"dearpal-whatsapp","timestamp":"2026-08-11 22:34:05.518","topK":5}
{"level":"info","message":"Vector search started","queryLength":38,"service":"dearpal-whatsapp","threshold":0.3,"timestamp":"2026-08-11 22:34:05.524","topK":5}
{"level":"info","message":"Initializing local embedding model 'Xenova/all-MiniLM-L6-v2'...","service":"dearpal-whatsapp","timestamp":"2026-08-11 22:34:05.526"}
{"level":"info","message":"Local embedding model 'Xenova/all-MiniLM-L6-v2' loaded successfully","service":"dearpal-whatsapp","timestamp":"2026-08-11 22:34:06.243"}
{"dimensions":384,"level":"info","message":"Query embedding generated","model":"Xenova/all-MiniLM-L6-v2","service":"dearpal-whatsapp","timestamp":"2026-08-11 22:34:06.258"}
{"level":"info","message":"Number of approved documents available: 1","service":"dearpal-whatsapp","timestamp":"2026-08-11 22:34:06.732"}
{"level":"info","message":"Vector search completed","numberOfResults":1,"service":"dearpal-whatsapp","timestamp":"2026-08-11 22:34:06.869","topSimilarityScore":0.7822}
{"level":"info","message":"Number of chunks retrieved: 1","service":"dearpal-whatsapp","timestamp":"2026-08-11 22:34:06.870"}
{"level":"info","message":"Top similarity score: 0.7822","service":"dearpal-whatsapp","timestamp":"2026-08-11 22:34:06.871"}
{"estimatedContextTokens":231,"level":"info","message":"Context built","numberOfChunks":1,"service":"dearpal-whatsapp","systemPromptLength":677,"timestamp":"2026-08-11 22:34:06.872","totalContextChars":922,"userQuestionLength":38}
{"level":"info","message":"Sarvam 105B request started","service":"dearpal-whatsapp","timestamp":"2026-08-11 22:34:06.872"}
{"level":"info","maxTokens":2048,"message":"Calling Sarvam 105B Custom Completion","service":"dearpal-whatsapp","temperature":0.3,"timestamp":"2026-08-11 22:34:06.873","userMessageLength":996}
{"completionTokens":1117,"finishReason":"stop","level":"info","message":"Sarvam 105B Custom Completion complete","promptTokens":352,"reasoningLength":4103,"responseLength":842,"service":"dearpal-whatsapp","timestamp":"2026-08-11 22:34:16.632"}
{"level":"info","message":"Sarvam response received","service":"dearpal-whatsapp","timestamp":"2026-08-11 22:34:16.633"}
{"level":"info","message":"RAG generation completed","service":"dearpal-whatsapp","timestamp":"2026-08-11 22:34:16.634"}
{"level":"info","message":"RAG query started","queryLength":30,"service":"dearpal-whatsapp","threshold":0.5,"timestamp":"2026-08-11 22:34:16.635","topK":5}
{"level":"info","message":"Vector search started","queryLength":30,"service":"dearpal-whatsapp","threshold":0.5,"timestamp":"2026-08-11 22:34:16.636","topK":5}
{"dimensions":384,"level":"info","message":"Query embedding generated","model":"Xenova/all-MiniLM-L6-v2","service":"dearpal-whatsapp","timestamp":"2026-08-11 22:34:16.649"}
{"level":"info","message":"Number of approved documents available: 1","service":"dearpal-whatsapp","timestamp":"2026-08-11 22:34:16.792"}
{"level":"info","message":"No relevant knowledge found (no chunks met similarity threshold)","service":"dearpal-whatsapp","timestamp":"2026-08-11 22:34:16.914"}
{"level":"info","message":"Number of chunks retrieved: 0","service":"dearpal-whatsapp","timestamp":"2026-08-11 22:34:16.915"}
{"level":"info","message":"Top similarity score: 0","service":"dearpal-whatsapp","timestamp":"2026-08-11 22:34:16.915"}
{"level":"info","message":"No relevant chunks found above similarity threshold; skipping Sarvam 105B call","service":"dearpal-whatsapp","timestamp":"2026-08-11 22:34:16.915"}
{"level":"info","message":"RAG query started","queryLength":59,"service":"dearpal-whatsapp","timestamp":"2026-08-11 22:34:16.916","topK":5}
{"level":"info","message":"Vector search started","queryLength":59,"service":"dearpal-whatsapp","threshold":0.3,"timestamp":"2026-08-11 22:34:16.916","topK":5}
{"dimensions":384,"level":"info","message":"Query embedding generated","model":"Xenova/all-MiniLM-L6-v2","service":"dearpal-whatsapp","timestamp":"2026-08-11 22:34:16.925"}
{"level":"info","message":"Number of approved documents available: 1","service":"dearpal-whatsapp","timestamp":"2026-08-11 22:34:17.044"}
{"level":"info","message":"Vector search completed","numberOfResults":1,"service":"dearpal-whatsapp","timestamp":"2026-08-11 22:34:17.114","topSimilarityScore":0.8164}
{"level":"info","message":"Number of chunks retrieved: 1","service":"dearpal-whatsapp","timestamp":"2026-08-11 22:34:17.115"}
{"level":"info","message":"Top similarity score: 0.8164","service":"dearpal-whatsapp","timestamp":"2026-08-11 22:34:17.116"}
{"estimatedContextTokens":231,"level":"info","message":"Context built","numberOfChunks":1,"service":"dearpal-whatsapp","systemPromptLength":677,"timestamp":"2026-08-11 22:34:17.116","totalContextChars":922,"userQuestionLength":59}
{"level":"info","message":"Sarvam 105B request started","service":"dearpal-whatsapp","timestamp":"2026-08-11 22:34:17.116"}
{"level":"info","maxTokens":2048,"message":"Calling Sarvam 105B Custom Completion","service":"dearpal-whatsapp","temperature":0.3,"timestamp":"2026-08-11 22:34:17.116","userMessageLength":1017}
{"completionTokens":629,"finishReason":"stop","level":"info","message":"Sarvam 105B Custom Completion complete","promptTokens":353,"reasoningLength":2641,"responseLength":122,"service":"dearpal-whatsapp","timestamp":"2026-08-11 22:34:23.503"}
{"level":"info","message":"Sarvam response received","service":"dearpal-whatsapp","timestamp":"2026-08-11 22:34:23.503"}
{"level":"info","message":"RAG generation completed","service":"dearpal-whatsapp","timestamp":"2026-08-11 22:34:23.504"}
{"level":"info","message":"RAG query started","queryLength":130,"service":"dearpal-whatsapp","timestamp":"2026-08-11 22:34:23.504","topK":5}
{"level":"info","message":"Vector search started","queryLength":130,"service":"dearpal-whatsapp","threshold":0.3,"timestamp":"2026-08-11 22:34:23.504","topK":5}
{"dimensions":384,"level":"info","message":"Query embedding generated","model":"Xenova/all-MiniLM-L6-v2","service":"dearpal-whatsapp","timestamp":"2026-08-11 22:34:23.519"}
{"level":"info","message":"Number of approved documents available: 1","service":"dearpal-whatsapp","timestamp":"2026-08-11 22:34:23.681"}
{"level":"info","message":"Vector search completed","numberOfResults":1,"service":"dearpal-whatsapp","timestamp":"2026-08-11 22:34:23.807","topSimilarityScore":0.7839}
{"level":"info","message":"Number of chunks retrieved: 1","service":"dearpal-whatsapp","timestamp":"2026-08-11 22:34:23.808"}
{"level":"info","message":"Top similarity score: 0.7839","service":"dearpal-whatsapp","timestamp":"2026-08-11 22:34:23.808"}
{"estimatedContextTokens":231,"level":"info","message":"Context built","numberOfChunks":1,"service":"dearpal-whatsapp","systemPromptLength":677,"timestamp":"2026-08-11 22:34:23.809","totalContextChars":922,"userQuestionLength":130}
{"level":"info","message":"Sarvam 105B request started","service":"dearpal-whatsapp","timestamp":"2026-08-11 22:34:23.809"}
{"level":"info","maxTokens":2048,"message":"Calling Sarvam 105B Custom Completion","service":"dearpal-whatsapp","temperature":0.3,"timestamp":"2026-08-11 22:34:23.809","userMessageLength":1088}
{"completionTokens":1332,"finishReason":"stop","level":"info","message":"Sarvam 105B Custom Completion complete","promptTokens":366,"reasoningLength":5280,"responseLength":968,"service":"dearpal-whatsapp","timestamp":"2026-08-11 22:34:39.225"}
{"level":"info","message":"Sarvam response received","service":"dearpal-whatsapp","timestamp":"2026-08-11 22:34:39.226"}
{"level":"info","message":"RAG generation completed","service":"dearpal-whatsapp","timestamp":"2026-08-11 22:34:39.226"}
{"level":"info","message":"Vector search started","queryLength":130,"service":"dearpal-whatsapp","threshold":0.1,"timestamp":"2026-08-11 22:36:18.394","topK":5}
{"level":"info","message":"Initializing local embedding model 'Xenova/all-MiniLM-L6-v2'...","service":"dearpal-whatsapp","timestamp":"2026-08-11 22:36:18.400"}
{"level":"info","message":"Local embedding model 'Xenova/all-MiniLM-L6-v2' loaded successfully","service":"dearpal-whatsapp","timestamp":"2026-08-11 22:36:19.212"}
{"dimensions":384,"level":"info","message":"Query embedding generated","model":"Xenova/all-MiniLM-L6-v2","service":"dearpal-whatsapp","timestamp":"2026-08-11 22:36:19.235"}
{"level":"info","message":"Number of approved documents available: 1","service":"dearpal-whatsapp","timestamp":"2026-08-11 22:36:19.829"}
{"level":"info","message":"Vector search completed","numberOfResults":2,"service":"dearpal-whatsapp","timestamp":"2026-08-11 22:36:20.003","topSimilarityScore":0.7839}
{"level":"info","message":"RAG query started","queryLength":130,"service":"dearpal-whatsapp","timestamp":"2026-08-11 22:37:19.924","topK":5}
{"level":"info","message":"Vector search started","queryLength":130,"service":"dearpal-whatsapp","threshold":0.3,"timestamp":"2026-08-11 22:37:19.931","topK":5}
{"level":"info","message":"Initializing local embedding model 'Xenova/all-MiniLM-L6-v2'...","service":"dearpal-whatsapp","timestamp":"2026-08-11 22:37:19.932"}
{"level":"info","message":"Local embedding model 'Xenova/all-MiniLM-L6-v2' loaded successfully","service":"dearpal-whatsapp","timestamp":"2026-08-11 22:37:20.726"}
{"dimensions":384,"level":"info","message":"Query embedding generated","model":"Xenova/all-MiniLM-L6-v2","service":"dearpal-whatsapp","timestamp":"2026-08-11 22:37:20.748"}
{"level":"info","message":"Number of approved documents available: 1","service":"dearpal-whatsapp","timestamp":"2026-08-11 22:37:21.020"}
{"level":"info","message":"Vector search completed","numberOfResults":1,"service":"dearpal-whatsapp","timestamp":"2026-08-11 22:37:21.158","topSimilarityScore":0.7839}
{"level":"info","message":"Number of chunks retrieved: 1","service":"dearpal-whatsapp","timestamp":"2026-08-11 22:37:21.159"}
{"level":"info","message":"Top similarity score: 0.7839","service":"dearpal-whatsapp","timestamp":"2026-08-11 22:37:21.160"}
{"estimatedContextTokens":231,"level":"info","message":"Context built","numberOfChunks":1,"service":"dearpal-whatsapp","systemPromptLength":677,"timestamp":"2026-08-11 22:37:21.161","totalContextChars":922,"userQuestionLength":130}
{"level":"info","message":"Sarvam 105B request started","service":"dearpal-whatsapp","timestamp":"2026-08-11 22:37:21.162"}
{"level":"info","maxTokens":2048,"message":"Calling Sarvam 105B Custom Completion","service":"dearpal-whatsapp","temperature":0.3,"timestamp":"2026-08-11 22:37:21.163","userMessageLength":1088}
{"completionTokens":1362,"finishReason":"stop","level":"info","message":"Sarvam 105B Custom Completion complete","promptTokens":366,"reasoningLength":5392,"responseLength":990,"service":"dearpal-whatsapp","timestamp":"2026-08-11 22:37:32.554"}
{"level":"info","message":"Sarvam response received","service":"dearpal-whatsapp","timestamp":"2026-08-11 22:37:32.567"}
{"level":"info","message":"RAG generation completed","service":"dearpal-whatsapp","timestamp":"2026-08-11 22:37:32.571"}
{"level":"info","message":"RAG query started","queryLength":38,"service":"dearpal-whatsapp","timestamp":"2026-08-11 22:38:20.888","topK":5}
{"level":"info","message":"Vector search started","queryLength":38,"service":"dearpal-whatsapp","threshold":0.3,"timestamp":"2026-08-11 22:38:20.897","topK":5}
{"level":"info","message":"Initializing local embedding model 'Xenova/all-MiniLM-L6-v2'...","service":"dearpal-whatsapp","timestamp":"2026-08-11 22:38:20.898"}
{"level":"info","message":"Local embedding model 'Xenova/all-MiniLM-L6-v2' loaded successfully","service":"dearpal-whatsapp","timestamp":"2026-08-11 22:38:21.630"}
{"dimensions":384,"level":"info","message":"Query embedding generated","model":"Xenova/all-MiniLM-L6-v2","service":"dearpal-whatsapp","timestamp":"2026-08-11 22:38:21.646"}
{"level":"info","message":"Number of approved documents available: 1","service":"dearpal-whatsapp","timestamp":"2026-08-11 22:38:22.160"}
{"level":"info","message":"Vector search completed","numberOfResults":1,"service":"dearpal-whatsapp","timestamp":"2026-08-11 22:38:22.459","topSimilarityScore":0.7822}
{"level":"info","message":"Number of chunks retrieved: 1","service":"dearpal-whatsapp","timestamp":"2026-08-11 22:38:22.460"}
{"level":"info","message":"Top similarity score: 0.7822","service":"dearpal-whatsapp","timestamp":"2026-08-11 22:38:22.461"}
{"estimatedContextTokens":430,"level":"info","message":"Context built","numberOfChunks":2,"service":"dearpal-whatsapp","systemPromptLength":677,"timestamp":"2026-08-11 22:38:22.657","totalContextChars":1719,"userQuestionLength":38}
{"level":"info","message":"Sarvam 105B request started","service":"dearpal-whatsapp","timestamp":"2026-08-11 22:38:22.657"}
{"level":"info","maxTokens":2048,"message":"Calling Sarvam 105B Custom Completion","service":"dearpal-whatsapp","temperature":0.3,"timestamp":"2026-08-11 22:38:22.658","userMessageLength":1793}
{"completionTokens":1484,"finishReason":"stop","level":"info","message":"Sarvam 105B Custom Completion complete","promptTokens":501,"reasoningLength":5379,"responseLength":1345,"service":"dearpal-whatsapp","timestamp":"2026-08-11 22:38:35.423"}
{"level":"info","message":"Sarvam response received","service":"dearpal-whatsapp","timestamp":"2026-08-11 22:38:35.423"}
{"level":"info","message":"RAG generation completed","service":"dearpal-whatsapp","timestamp":"2026-08-11 22:38:35.423"}
{"level":"info","message":"RAG query started","queryLength":30,"service":"dearpal-whatsapp","threshold":0.5,"timestamp":"2026-08-11 22:38:35.424","topK":5}
{"level":"info","message":"Vector search started","queryLength":30,"service":"dearpal-whatsapp","threshold":0.5,"timestamp":"2026-08-11 22:38:35.424","topK":5}
{"dimensions":384,"level":"info","message":"Query embedding generated","model":"Xenova/all-MiniLM-L6-v2","service":"dearpal-whatsapp","timestamp":"2026-08-11 22:38:35.434"}
{"level":"info","message":"Number of approved documents available: 1","service":"dearpal-whatsapp","timestamp":"2026-08-11 22:38:35.757"}
{"level":"info","message":"No relevant knowledge found (no chunks met similarity threshold)","service":"dearpal-whatsapp","timestamp":"2026-08-11 22:38:35.877"}
{"level":"info","message":"Number of chunks retrieved: 0","service":"dearpal-whatsapp","timestamp":"2026-08-11 22:38:35.877"}
{"level":"info","message":"Top similarity score: 0","service":"dearpal-whatsapp","timestamp":"2026-08-11 22:38:35.878"}
{"level":"info","message":"No relevant chunks found above similarity threshold; skipping Sarvam 105B call","service":"dearpal-whatsapp","timestamp":"2026-08-11 22:38:35.878"}
{"level":"info","message":"RAG query started","queryLength":59,"service":"dearpal-whatsapp","timestamp":"2026-08-11 22:38:35.878","topK":5}
{"level":"info","message":"Vector search started","queryLength":59,"service":"dearpal-whatsapp","threshold":0.3,"timestamp":"2026-08-11 22:38:35.879","topK":5}
{"dimensions":384,"level":"info","message":"Query embedding generated","model":"Xenova/all-MiniLM-L6-v2","service":"dearpal-whatsapp","timestamp":"2026-08-11 22:38:35.887"}
{"level":"info","message":"Number of approved documents available: 1","service":"dearpal-whatsapp","timestamp":"2026-08-11 22:38:36.011"}
{"level":"info","message":"Vector search completed","numberOfResults":1,"service":"dearpal-whatsapp","timestamp":"2026-08-11 22:38:36.173","topSimilarityScore":0.8164}
{"level":"info","message":"Number of chunks retrieved: 1","service":"dearpal-whatsapp","timestamp":"2026-08-11 22:38:36.173"}
{"level":"info","message":"Top similarity score: 0.8164","service":"dearpal-whatsapp","timestamp":"2026-08-11 22:38:36.173"}
{"estimatedContextTokens":430,"level":"info","message":"Context built","numberOfChunks":2,"service":"dearpal-whatsapp","systemPromptLength":677,"timestamp":"2026-08-11 22:38:36.480","totalContextChars":1719,"userQuestionLength":59}
{"level":"info","message":"Sarvam 105B request started","service":"dearpal-whatsapp","timestamp":"2026-08-11 22:38:36.480"}
{"level":"info","maxTokens":2048,"message":"Calling Sarvam 105B Custom Completion","service":"dearpal-whatsapp","temperature":0.3,"timestamp":"2026-08-11 22:38:36.480","userMessageLength":1814}
{"completionTokens":803,"finishReason":"stop","level":"info","message":"Sarvam 105B Custom Completion complete","promptTokens":502,"reasoningLength":3344,"responseLength":165,"service":"dearpal-whatsapp","timestamp":"2026-08-11 22:38:43.589"}
{"level":"info","message":"Sarvam response received","service":"dearpal-whatsapp","timestamp":"2026-08-11 22:38:43.590"}
{"level":"info","message":"RAG generation completed","service":"dearpal-whatsapp","timestamp":"2026-08-11 22:38:43.590"}
{"level":"info","message":"RAG query started","queryLength":130,"service":"dearpal-whatsapp","timestamp":"2026-08-11 22:38:43.590","topK":5}
{"level":"info","message":"Vector search started","queryLength":130,"service":"dearpal-whatsapp","threshold":0.3,"timestamp":"2026-08-11 22:38:43.591","topK":5}
{"dimensions":384,"level":"info","message":"Query embedding generated","model":"Xenova/all-MiniLM-L6-v2","service":"dearpal-whatsapp","timestamp":"2026-08-11 22:38:43.605"}
{"level":"info","message":"Number of approved documents available: 1","service":"dearpal-whatsapp","timestamp":"2026-08-11 22:38:43.736"}
{"level":"info","message":"Vector search completed","numberOfResults":1,"service":"dearpal-whatsapp","timestamp":"2026-08-11 22:38:43.862","topSimilarityScore":0.7839}
{"level":"info","message":"Number of chunks retrieved: 1","service":"dearpal-whatsapp","timestamp":"2026-08-11 22:38:43.862"}
{"level":"info","message":"Top similarity score: 0.7839","service":"dearpal-whatsapp","timestamp":"2026-08-11 22:38:43.863"}
{"estimatedContextTokens":430,"level":"info","message":"Context built","numberOfChunks":2,"service":"dearpal-whatsapp","systemPromptLength":677,"timestamp":"2026-08-11 22:38:44.003","totalContextChars":1719,"userQuestionLength":130}
{"level":"info","message":"Sarvam 105B request started","service":"dearpal-whatsapp","timestamp":"2026-08-11 22:38:44.003"}
{"level":"info","maxTokens":2048,"message":"Calling Sarvam 105B Custom Completion","service":"dearpal-whatsapp","temperature":0.3,"timestamp":"2026-08-11 22:38:44.003","userMessageLength":1885}
{"completionTokens":1195,"finishReason":"stop","level":"info","message":"Sarvam 105B Custom Completion complete","promptTokens":515,"reasoningLength":4263,"responseLength":1181,"service":"dearpal-whatsapp","timestamp":"2026-08-11 22:38:56.339"}
{"level":"info","message":"Sarvam response received","service":"dearpal-whatsapp","timestamp":"2026-08-11 22:38:56.340"}
{"level":"info","message":"RAG generation completed","service":"dearpal-whatsapp","timestamp":"2026-08-11 22:38:56.340"}
{"conversationId":"86ebafd4-5cc0-4ad1-bb50-b37775f3915e","level":"info","message":"Processing message","messageId":"wamid.test_1786468850413_1","messageType":"text","phoneNumber":"919876543210","service":"dearpal-whatsapp","timestamp":"2026-08-11 22:50:50.418"}
{"level":"info","message":"Processing text message","messageId":"wamid.test_1786468850413_1","phoneNumber":"919876543210","service":"dearpal-whatsapp","textLength":38,"timestamp":"2026-08-11 22:50:50.432"}
{"level":"info","message":"AI pipeline processing started","messageId":"wamid.test_1786468850413_1","messageType":"text","service":"dearpal-whatsapp","timestamp":"2026-08-11 22:50:50.433"}
{"level":"info","message":"Pipeline: RAGService query started","messageTextLength":38,"service":"dearpal-whatsapp","timestamp":"2026-08-11 22:50:50.434"}
{"level":"info","message":"RAG query started","queryLength":38,"service":"dearpal-whatsapp","timestamp":"2026-08-11 22:50:50.435","topK":5}
{"level":"info","message":"Vector search started","queryLength":38,"service":"dearpal-whatsapp","threshold":0.3,"timestamp":"2026-08-11 22:50:50.436","topK":5}
{"level":"info","message":"Initializing local embedding model 'Xenova/all-MiniLM-L6-v2'...","service":"dearpal-whatsapp","timestamp":"2026-08-11 22:50:50.437"}
{"level":"info","message":"Local embedding model 'Xenova/all-MiniLM-L6-v2' loaded successfully","service":"dearpal-whatsapp","timestamp":"2026-08-11 22:50:51.237"}
{"dimensions":384,"level":"info","message":"Query embedding generated","model":"Xenova/all-MiniLM-L6-v2","service":"dearpal-whatsapp","timestamp":"2026-08-11 22:50:51.257"}
{"level":"info","message":"Number of approved documents available: 1","service":"dearpal-whatsapp","timestamp":"2026-08-11 22:50:51.830"}
{"level":"info","message":"Vector search completed","numberOfResults":1,"service":"dearpal-whatsapp","timestamp":"2026-08-11 22:50:52.009","topSimilarityScore":0.7822}
{"level":"info","message":"Number of chunks retrieved: 1","service":"dearpal-whatsapp","timestamp":"2026-08-11 22:50:52.010"}
{"level":"info","message":"Top similarity score: 0.7822","service":"dearpal-whatsapp","timestamp":"2026-08-11 22:50:52.010"}
{"estimatedContextTokens":430,"level":"info","message":"Context built","numberOfChunks":2,"service":"dearpal-whatsapp","systemPromptLength":677,"timestamp":"2026-08-11 22:50:52.234","totalContextChars":1719,"userQuestionLength":38}
{"level":"info","message":"Sarvam 105B request started","service":"dearpal-whatsapp","timestamp":"2026-08-11 22:50:52.234"}
{"level":"info","maxTokens":2048,"message":"Calling Sarvam 105B Custom Completion","service":"dearpal-whatsapp","temperature":0.3,"timestamp":"2026-08-11 22:50:52.235","userMessageLength":1793}
{"completionTokens":1103,"finishReason":"stop","level":"info","message":"Sarvam 105B Custom Completion complete","promptTokens":501,"reasoningLength":3564,"responseLength":1303,"service":"dearpal-whatsapp","timestamp":"2026-08-11 22:51:02.786"}
{"level":"info","message":"Sarvam response received","service":"dearpal-whatsapp","timestamp":"2026-08-11 22:51:02.787"}
{"level":"info","message":"RAG generation completed","service":"dearpal-whatsapp","timestamp":"2026-08-11 22:51:02.787"}
{"answerLength":1303,"level":"info","message":"Pipeline: RAGService query complete","service":"dearpal-whatsapp","sourcesCount":1,"timestamp":"2026-08-11 22:51:02.787"}
{"hasContext":true,"level":"info","message":"[Mock] Risk assessment called","messageLength":38,"service":"dearpal-whatsapp","timestamp":"2026-08-11 22:51:02.788"}
{"level":"info","message":"Pipeline: Risk assessment complete","riskLevel":"low","score":0,"service":"dearpal-whatsapp","timestamp":"2026-08-11 22:51:02.788"}
{"level":"info","message":"Text message sent successfully","messageId":"wamid.HBgMOTE5ODc2NTQzMjEwFQIAERgSNTI3RERCNEE2NTdENjdGMTQ0AA==","phoneNumber":"919876543210","service":"dearpal-whatsapp","timestamp":"2026-08-11 22:51:04.520"}
{"conversationId":"86ebafd4-5cc0-4ad1-bb50-b37775f3915e","level":"info","message":"Reply sent via WhatsAppService","messageId":"wamid.test_1786468850413_1","replyLength":1303,"service":"dearpal-whatsapp","timestamp":"2026-08-11 22:51:04.520"}
{"cleanPhone":"919876543210","level":"info","message":"Synced conversation to Supabase","patientId":null,"service":"dearpal-whatsapp","timestamp":"2026-08-11 22:51:05.192"}
{"conversationId":"86ebafd4-5cc0-4ad1-bb50-b37775f3915e","level":"info","message":"Message processing complete","messageId":"wamid.test_1786468850413_1","service":"dearpal-whatsapp","source":"rag","success":true,"timestamp":"2026-08-11 22:51:05.193"}
{"conversationId":"ad35d6ca-77af-4a86-aaca-0041dc72efb0","level":"info","message":"Processing message","messageId":"wamid.test_1786468865194_2","messageType":"text","phoneNumber":"919876543210","service":"dearpal-whatsapp","timestamp":"2026-08-11 22:51:05.194"}
{"level":"info","message":"Processing text message","messageId":"wamid.test_1786468865194_2","phoneNumber":"919876543210","service":"dearpal-whatsapp","textLength":30,"timestamp":"2026-08-11 22:51:05.195"}
{"level":"info","message":"AI pipeline processing started","messageId":"wamid.test_1786468865194_2","messageType":"text","service":"dearpal-whatsapp","timestamp":"2026-08-11 22:51:05.195"}
{"level":"info","message":"Pipeline: RAGService query started","messageTextLength":30,"service":"dearpal-whatsapp","timestamp":"2026-08-11 22:51:05.195"}
{"level":"info","message":"RAG query started","queryLength":30,"service":"dearpal-whatsapp","timestamp":"2026-08-11 22:51:05.196","topK":5}
{"level":"info","message":"Vector search started","queryLength":30,"service":"dearpal-whatsapp","threshold":0.3,"timestamp":"2026-08-11 22:51:05.196","topK":5}
{"dimensions":384,"level":"info","message":"Query embedding generated","model":"Xenova/all-MiniLM-L6-v2","service":"dearpal-whatsapp","timestamp":"2026-08-11 22:51:05.206"}
{"level":"info","message":"Number of approved documents available: 1","service":"dearpal-whatsapp","timestamp":"2026-08-11 22:51:05.306"}
{"level":"info","message":"No relevant knowledge found (no chunks met similarity threshold)","service":"dearpal-whatsapp","timestamp":"2026-08-11 22:51:05.619"}
{"level":"info","message":"Number of chunks retrieved: 0","service":"dearpal-whatsapp","timestamp":"2026-08-11 22:51:05.619"}
{"level":"info","message":"Top similarity score: 0","service":"dearpal-whatsapp","timestamp":"2026-08-11 22:51:05.619"}
{"level":"info","message":"No relevant chunks found above similarity threshold; skipping Sarvam 105B call","service":"dearpal-whatsapp","timestamp":"2026-08-11 22:51:05.619"}
{"answerLength":91,"level":"info","message":"Pipeline: RAGService query complete","service":"dearpal-whatsapp","sourcesCount":0,"timestamp":"2026-08-11 22:51:05.620"}
{"hasContext":true,"level":"info","message":"[Mock] Risk assessment called","messageLength":30,"service":"dearpal-whatsapp","timestamp":"2026-08-11 22:51:05.620"}
{"level":"info","message":"Pipeline: Risk assessment complete","riskLevel":"low","score":0,"service":"dearpal-whatsapp","timestamp":"2026-08-11 22:51:05.620"}
{"level":"info","message":"Text message sent successfully","messageId":"wamid.HBgMOTE5ODc2NTQzMjEwFQIAERgSQ0I3QTZBM0NGMkI4RjI1NkZCAA==","phoneNumber":"919876543210","service":"dearpal-whatsapp","timestamp":"2026-08-11 22:51:06.402"}
{"conversationId":"ad35d6ca-77af-4a86-aaca-0041dc72efb0","level":"info","message":"Reply sent via WhatsAppService","messageId":"wamid.test_1786468865194_2","replyLength":91,"service":"dearpal-whatsapp","timestamp":"2026-08-11 22:51:06.403"}
{"cleanPhone":"919876543210","level":"info","message":"Synced conversation to Supabase","patientId":null,"service":"dearpal-whatsapp","timestamp":"2026-08-11 22:51:06.685"}
{"conversationId":"ad35d6ca-77af-4a86-aaca-0041dc72efb0","level":"info","message":"Message processing complete","messageId":"wamid.test_1786468865194_2","service":"dearpal-whatsapp","source":"fallback","success":true,"timestamp":"2026-08-11 22:51:06.686"}
{"conversationId":"83d080e5-73ae-4407-9704-c41a4db29bf8","level":"info","message":"Processing message","messageId":"wamid.test_greet_1786494241776","messageType":"text","phoneNumber":"919876543210","service":"dearpal-whatsapp","timestamp":"2026-08-12 05:54:01.778"}
{"level":"info","message":"Processing text message","messageId":"wamid.test_greet_1786494241776","phoneNumber":"919876543210","service":"dearpal-whatsapp","textLength":2,"timestamp":"2026-08-12 05:54:01.807"}
{"level":"info","message":"AI pipeline processing started","messageId":"wamid.test_greet_1786494241776","messageType":"text","service":"dearpal-whatsapp","timestamp":"2026-08-12 05:54:01.809"}
{"level":"info","message":"Pipeline: Greeting intent detected, skipping RAG/Sarvam 105B","messageId":"wamid.test_greet_1786494241776","service":"dearpal-whatsapp","text":"hi","timestamp":"2026-08-12 05:54:01.809"}
{"hasContext":true,"level":"info","message":"[Mock] Risk assessment called","messageLength":2,"service":"dearpal-whatsapp","timestamp":"2026-08-12 05:54:01.810"}
{"level":"info","message":"Text message sent successfully","messageId":"wamid.HBgMOTE5ODc2NTQzMjEwFQIAERgSNEFEOTBBRTQyOUJGRTQ4QTYxAA==","phoneNumber":"919876543210","service":"dearpal-whatsapp","timestamp":"2026-08-12 05:54:03.926"}
{"conversationId":"83d080e5-73ae-4407-9704-c41a4db29bf8","level":"info","message":"Reply sent via WhatsAppService","messageId":"wamid.test_greet_1786494241776","replyLength":50,"service":"dearpal-whatsapp","timestamp":"2026-08-12 05:54:03.927"}
{"cleanPhone":"919876543210","level":"info","message":"Synced conversation to Supabase","patientId":null,"service":"dearpal-whatsapp","timestamp":"2026-08-12 05:54:05.930"}
{"conversationId":"83d080e5-73ae-4407-9704-c41a4db29bf8","level":"info","message":"Message processing complete","messageId":"wamid.test_greet_1786494241776","service":"dearpal-whatsapp","source":"greeting","success":true,"timestamp":"2026-08-12 05:54:05.931"}
{"conversationId":"42d9632a-18e0-44fb-862c-1bf996d72400","level":"info","message":"Processing message","messageId":"wamid.test_rag_1786494245933","messageType":"text","phoneNumber":"919876543210","service":"dearpal-whatsapp","timestamp":"2026-08-12 05:54:05.933"}
{"level":"info","message":"Processing text message","messageId":"wamid.test_rag_1786494245933","phoneNumber":"919876543210","service":"dearpal-whatsapp","textLength":38,"timestamp":"2026-08-12 05:54:05.933"}
{"level":"info","message":"AI pipeline processing started","messageId":"wamid.test_rag_1786494245933","messageType":"text","service":"dearpal-whatsapp","timestamp":"2026-08-12 05:54:05.934"}
{"level":"info","message":"Pipeline: RAGService query started","messageTextLength":38,"service":"dearpal-whatsapp","timestamp":"2026-08-12 05:54:05.934"}
{"level":"info","message":"RAG query started","queryLength":38,"service":"dearpal-whatsapp","timestamp":"2026-08-12 05:54:05.935","topK":5}
{"level":"info","message":"Vector search started","queryLength":38,"service":"dearpal-whatsapp","threshold":0.3,"timestamp":"2026-08-12 05:54:05.936","topK":5}
{"level":"info","message":"Initializing local embedding model 'Xenova/all-MiniLM-L6-v2'...","service":"dearpal-whatsapp","timestamp":"2026-08-12 05:54:05.937"}
{"level":"info","message":"Local embedding model 'Xenova/all-MiniLM-L6-v2' loaded successfully","service":"dearpal-whatsapp","timestamp":"2026-08-12 05:54:09.073"}
{"dimensions":384,"level":"info","message":"Query embedding generated","model":"Xenova/all-MiniLM-L6-v2","service":"dearpal-whatsapp","timestamp":"2026-08-12 05:54:09.102"}
{"level":"info","message":"Number of approved documents available: 1","service":"dearpal-whatsapp","timestamp":"2026-08-12 05:54:09.226"}
{"level":"info","message":"Vector search completed","numberOfResults":1,"service":"dearpal-whatsapp","timestamp":"2026-08-12 05:54:09.510","topSimilarityScore":0.7822}
{"level":"info","message":"Number of chunks retrieved: 1","service":"dearpal-whatsapp","timestamp":"2026-08-12 05:54:09.510"}
{"level":"info","message":"Top similarity score: 0.7822","service":"dearpal-whatsapp","timestamp":"2026-08-12 05:54:09.511"}
{"estimatedContextTokens":430,"level":"info","message":"Context built","numberOfChunks":2,"service":"dearpal-whatsapp","systemPromptLength":995,"timestamp":"2026-08-12 05:54:09.672","totalContextChars":1719,"userQuestionLength":38}
{"level":"info","message":"Sarvam 105B request started","service":"dearpal-whatsapp","timestamp":"2026-08-12 05:54:09.672"}
{"level":"info","maxTokens":2048,"message":"Calling Sarvam 105B Custom Completion","service":"dearpal-whatsapp","temperature":0.3,"timestamp":"2026-08-12 05:54:09.673","userMessageLength":1793}
{"completionTokens":1350,"finishReason":"stop","level":"info","message":"Sarvam 105B Custom Completion complete","promptTokens":593,"reasoningLength":4890,"responseLength":1020,"service":"dearpal-whatsapp","timestamp":"2026-08-12 05:54:17.181"}
{"level":"info","message":"Sarvam response received","service":"dearpal-whatsapp","timestamp":"2026-08-12 05:54:17.182"}
{"level":"info","message":"RAG generation completed","service":"dearpal-whatsapp","timestamp":"2026-08-12 05:54:17.182"}
{"answerLength":1020,"level":"info","message":"Pipeline: RAGService query complete","service":"dearpal-whatsapp","sourcesCount":1,"timestamp":"2026-08-12 05:54:17.182"}
{"hasContext":true,"level":"info","message":"[Mock] Risk assessment called","messageLength":38,"service":"dearpal-whatsapp","timestamp":"2026-08-12 05:54:17.182"}
{"level":"info","message":"Pipeline: Risk assessment complete","riskLevel":"low","score":0,"service":"dearpal-whatsapp","timestamp":"2026-08-12 05:54:17.182"}
{"level":"info","message":"Text message sent successfully","messageId":"wamid.HBgMOTE5ODc2NTQzMjEwFQIAERgSMEZCMjhGODRBQTEyOEIwNTkyAA==","phoneNumber":"919876543210","service":"dearpal-whatsapp","timestamp":"2026-08-12 05:54:18.407"}
{"conversationId":"42d9632a-18e0-44fb-862c-1bf996d72400","level":"info","message":"Reply sent via WhatsAppService","messageId":"wamid.test_rag_1786494245933","replyLength":1020,"service":"dearpal-whatsapp","timestamp":"2026-08-12 05:54:18.408"}
{"cleanPhone":"919876543210","level":"info","message":"Synced conversation to Supabase","patientId":null,"service":"dearpal-whatsapp","timestamp":"2026-08-12 05:54:18.789"}
{"conversationId":"42d9632a-18e0-44fb-862c-1bf996d72400","level":"info","message":"Message processing complete","messageId":"wamid.test_rag_1786494245933","service":"dearpal-whatsapp","source":"rag","success":true,"timestamp":"2026-08-12 05:54:18.790"}
{"conversationId":"4989db38-23b4-45e0-9d60-f20383a5ee7b","level":"info","message":"Processing message","messageId":"wamid.test_ood_1786494258791","messageType":"text","phoneNumber":"919876543210","service":"dearpal-whatsapp","timestamp":"2026-08-12 05:54:18.791"}
{"level":"info","message":"Processing text message","messageId":"wamid.test_ood_1786494258791","phoneNumber":"919876543210","service":"dearpal-whatsapp","textLength":30,"timestamp":"2026-08-12 05:54:18.791"}
{"level":"info","message":"AI pipeline processing started","messageId":"wamid.test_ood_1786494258791","messageType":"text","service":"dearpal-whatsapp","timestamp":"2026-08-12 05:54:18.792"}
{"level":"info","message":"Pipeline: RAGService query started","messageTextLength":30,"service":"dearpal-whatsapp","timestamp":"2026-08-12 05:54:18.792"}
{"level":"info","message":"RAG query started","queryLength":30,"service":"dearpal-whatsapp","timestamp":"2026-08-12 05:54:18.792","topK":5}
{"level":"info","message":"Vector search started","queryLength":30,"service":"dearpal-whatsapp","threshold":0.3,"timestamp":"2026-08-12 05:54:18.792","topK":5}
{"dimensions":384,"level":"info","message":"Query embedding generated","model":"Xenova/all-MiniLM-L6-v2","service":"dearpal-whatsapp","timestamp":"2026-08-12 05:54:18.802"}
{"level":"info","message":"Number of approved documents available: 1","service":"dearpal-whatsapp","timestamp":"2026-08-12 05:54:18.872"}
{"level":"info","message":"No relevant knowledge found (no chunks met similarity threshold)","service":"dearpal-whatsapp","timestamp":"2026-08-12 05:54:18.947"}
{"level":"info","message":"Number of chunks retrieved: 0","service":"dearpal-whatsapp","timestamp":"2026-08-12 05:54:18.947"}
{"level":"info","message":"Top similarity score: 0","service":"dearpal-whatsapp","timestamp":"2026-08-12 05:54:18.947"}
{"level":"info","message":"No relevant chunks found above similarity threshold; skipping Sarvam 105B call","service":"dearpal-whatsapp","timestamp":"2026-08-12 05:54:18.947"}
{"answerLength":91,"level":"info","message":"Pipeline: RAGService query complete","service":"dearpal-whatsapp","sourcesCount":0,"timestamp":"2026-08-12 05:54:18.947"}
{"hasContext":true,"level":"info","message":"[Mock] Risk assessment called","messageLength":30,"service":"dearpal-whatsapp","timestamp":"2026-08-12 05:54:18.948"}
{"level":"info","message":"Pipeline: Risk assessment complete","riskLevel":"low","score":0,"service":"dearpal-whatsapp","timestamp":"2026-08-12 05:54:18.948"}
{"level":"info","message":"Text message sent successfully","messageId":"wamid.HBgMOTE5ODc2NTQzMjEwFQIAERgSNDE2MTQwNjc0QTgzNUFDQkUwAA==","phoneNumber":"919876543210","service":"dearpal-whatsapp","timestamp":"2026-08-12 05:54:19.632"}
{"conversationId":"4989db38-23b4-45e0-9d60-f20383a5ee7b","level":"info","message":"Reply sent via WhatsAppService","messageId":"wamid.test_ood_1786494258791","replyLength":91,"service":"dearpal-whatsapp","timestamp":"2026-08-12 05:54:19.633"}
{"cleanPhone":"919876543210","level":"info","message":"Synced conversation to Supabase","patientId":null,"service":"dearpal-whatsapp","timestamp":"2026-08-12 05:54:19.860"}
{"conversationId":"4989db38-23b4-45e0-9d60-f20383a5ee7b","level":"info","message":"Message processing complete","messageId":"wamid.test_ood_1786494258791","service":"dearpal-whatsapp","source":"fallback","success":true,"timestamp":"2026-08-12 05:54:19.860"}
{"documentId":"79dea952-d7c6-4f6d-b052-46f756b8832c","fileName":"Batch_Test_01_Anxiety_Management.txt","level":"info","message":"Uploading knowledge document to storage","service":"dearpal-whatsapp","size":229,"storagePath":"documents/79dea952-d7c6-4f6d-b052-46f756b8832c/Batch_Test_01_Anxiety_Management.txt","timestamp":"2026-08-12 06:26:24.101"}
{"documentId":"79dea952-d7c6-4f6d-b052-46f756b8832c","fileName":"Batch_Test_01_Anxiety_Management.txt","level":"info","message":"Starting document processing pipeline","service":"dearpal-whatsapp","storagePath":"documents/79dea952-d7c6-4f6d-b052-46f756b8832c/Batch_Test_01_Anxiety_Management.txt","timestamp":"2026-08-12 06:26:24.657"}
{"documentId":"c3d628d9-a90e-450b-9d5a-5181dae37ebc","fileName":"Batch_Test_02_Depression_Protocols.txt","level":"info","message":"Uploading knowledge document to storage","service":"dearpal-whatsapp","size":193,"storagePath":"documents/c3d628d9-a90e-450b-9d5a-5181dae37ebc/Batch_Test_02_Depression_Protocols.txt","timestamp":"2026-08-12 06:26:24.739"}
{"ext":"txt","fileName":"Batch_Test_01_Anxiety_Management.txt","level":"info","message":"Extracting text from document","mimeType":"text/plain","service":"dearpal-whatsapp","size":229,"timestamp":"2026-08-12 06:26:24.824"}
{"level":"info","message":"Text chunking complete","service":"dearpal-whatsapp","timestamp":"2026-08-12 06:26:24.825","totalChars":229,"totalChunks":101}
{"level":"info","message":"Generating 101 embeddings with Xenova/all-MiniLM-L6-v2...","service":"dearpal-whatsapp","timestamp":"2026-08-12 06:26:24.826"}
{"level":"info","message":"Initializing local embedding model 'Xenova/all-MiniLM-L6-v2'...","service":"dearpal-whatsapp","timestamp":"2026-08-12 06:26:24.827"}
{"documentId":"c3d628d9-a90e-450b-9d5a-5181dae37ebc","fileName":"Batch_Test_02_Depression_Protocols.txt","level":"info","message":"Starting document processing pipeline","service":"dearpal-whatsapp","storagePath":"documents/c3d628d9-a90e-450b-9d5a-5181dae37ebc/Batch_Test_02_Depression_Protocols.txt","timestamp":"2026-08-12 06:26:28.825"}
{"ext":"txt","fileName":"Batch_Test_02_Depression_Protocols.txt","level":"info","message":"Extracting text from document","mimeType":"text/plain","service":"dearpal-whatsapp","size":193,"timestamp":"2026-08-12 06:26:28.894"}
{"level":"info","message":"Text chunking complete","service":"dearpal-whatsapp","timestamp":"2026-08-12 06:26:28.897","totalChars":193,"totalChunks":101}
{"level":"info","message":"Generating 101 embeddings with Xenova/all-MiniLM-L6-v2...","service":"dearpal-whatsapp","timestamp":"2026-08-12 06:26:28.897"}
{"documentId":"e03890b7-a8b6-4770-bc14-e00705b9e1dc","fileName":"Batch_Test_03_Sleep_Hygiene_Guide.txt","level":"info","message":"Uploading knowledge document to storage","service":"dearpal-whatsapp","size":221,"storagePath":"documents/e03890b7-a8b6-4770-bc14-e00705b9e1dc/Batch_Test_03_Sleep_Hygiene_Guide.txt","timestamp":"2026-08-12 06:26:28.925"}
{"level":"info","message":"Local embedding model 'Xenova/all-MiniLM-L6-v2' loaded successfully","service":"dearpal-whatsapp","timestamp":"2026-08-12 06:26:29.233"}
{"documentId":"e03890b7-a8b6-4770-bc14-e00705b9e1dc","fileName":"Batch_Test_03_Sleep_Hygiene_Guide.txt","level":"info","message":"Starting document processing pipeline","service":"dearpal-whatsapp","storagePath":"documents/e03890b7-a8b6-4770-bc14-e00705b9e1dc/Batch_Test_03_Sleep_Hygiene_Guide.txt","timestamp":"2026-08-12 06:26:29.394"}
{"documentId":"c114afbe-24f7-4573-82e2-bb39b54da3b7","fileName":"Batch_Test_04_Stress_Reduction_CBT.txt","level":"info","message":"Uploading knowledge document to storage","service":"dearpal-whatsapp","size":205,"storagePath":"documents/c114afbe-24f7-4573-82e2-bb39b54da3b7/Batch_Test_04_Stress_Reduction_CBT.txt","timestamp":"2026-08-12 06:26:29.473"}
{"ext":"txt","fileName":"Batch_Test_03_Sleep_Hygiene_Guide.txt","level":"info","message":"Extracting text from document","mimeType":"text/plain","service":"dearpal-whatsapp","size":221,"timestamp":"2026-08-12 06:26:29.496"}
{"level":"info","message":"Text chunking complete","service":"dearpal-whatsapp","timestamp":"2026-08-12 06:26:29.497","totalChars":221,"totalChunks":101}
{"level":"info","message":"Generating 101 embeddings with Xenova/all-MiniLM-L6-v2...","service":"dearpal-whatsapp","timestamp":"2026-08-12 06:26:29.497"}
{"chunksCount":101,"documentId":"c3d628d9-a90e-450b-9d5a-5181dae37ebc","level":"info","message":"Document processing pipeline completed successfully","service":"dearpal-whatsapp","timestamp":"2026-08-12 06:26:30.254"}
{"documentId":"c114afbe-24f7-4573-82e2-bb39b54da3b7","fileName":"Batch_Test_04_Stress_Reduction_CBT.txt","level":"info","message":"Starting document processing pipeline","service":"dearpal-whatsapp","storagePath":"documents/c114afbe-24f7-4573-82e2-bb39b54da3b7/Batch_Test_04_Stress_Reduction_CBT.txt","timestamp":"2026-08-12 06:26:30.269"}
{"ext":"txt","fileName":"Batch_Test_04_Stress_Reduction_CBT.txt","level":"info","message":"Extracting text from document","mimeType":"text/plain","service":"dearpal-whatsapp","size":205,"timestamp":"2026-08-12 06:26:30.334"}
{"level":"info","message":"Text chunking complete","service":"dearpal-whatsapp","timestamp":"2026-08-12 06:26:30.335","totalChars":205,"totalChunks":101}
{"level":"info","message":"Generating 101 embeddings with Xenova/all-MiniLM-L6-v2...","service":"dearpal-whatsapp","timestamp":"2026-08-12 06:26:30.336"}
{"documentId":"547a8f45-b3ca-42bb-86f4-18f796c7602a","fileName":"Batch_Test_05_Crisis_Deescalation.txt","level":"info","message":"Uploading knowledge document to storage","service":"dearpal-whatsapp","size":210,"storagePath":"documents/547a8f45-b3ca-42bb-86f4-18f796c7602a/Batch_Test_05_Crisis_Deescalation.txt","timestamp":"2026-08-12 06:26:30.860"}
{"chunksCount":101,"documentId":"e03890b7-a8b6-4770-bc14-e00705b9e1dc","level":"info","message":"Document processing pipeline completed successfully","service":"dearpal-whatsapp","timestamp":"2026-08-12 06:26:30.946"}
{"chunksCount":101,"documentId":"79dea952-d7c6-4f6d-b052-46f756b8832c","level":"info","message":"Document processing pipeline completed successfully","service":"dearpal-whatsapp","timestamp":"2026-08-12 06:26:31.022"}
{"documentId":"547a8f45-b3ca-42bb-86f4-18f796c7602a","fileName":"Batch_Test_05_Crisis_Deescalation.txt","level":"info","message":"Starting document processing pipeline","service":"dearpal-whatsapp","storagePath":"documents/547a8f45-b3ca-42bb-86f4-18f796c7602a/Batch_Test_05_Crisis_Deescalation.txt","timestamp":"2026-08-12 06:26:31.066"}
{"ext":"txt","fileName":"Batch_Test_05_Crisis_Deescalation.txt","level":"info","message":"Extracting text from document","mimeType":"text/plain","service":"dearpal-whatsapp","size":210,"timestamp":"2026-08-12 06:26:31.129"}
{"level":"info","message":"Text chunking complete","service":"dearpal-whatsapp","timestamp":"2026-08-12 06:26:31.129","totalChars":210,"totalChunks":101}
{"level":"info","message":"Generating 101 embeddings with Xenova/all-MiniLM-L6-v2...","service":"dearpal-whatsapp","timestamp":"2026-08-12 06:26:31.130"}
{"chunksCount":101,"documentId":"c114afbe-24f7-4573-82e2-bb39b54da3b7","level":"info","message":"Document processing pipeline completed successfully","service":"dearpal-whatsapp","timestamp":"2026-08-12 06:26:31.809"}
{"chunksCount":101,"documentId":"547a8f45-b3ca-42bb-86f4-18f796c7602a","level":"info","message":"Document processing pipeline completed successfully","service":"dearpal-whatsapp","timestamp":"2026-08-12 06:26:32.360"}
{"level":"info","message":"Vector search started","queryLength":46,"service":"dearpal-whatsapp","threshold":0.2,"timestamp":"2026-08-12 06:26:46.513","topK":3}
{"level":"info","message":"Initializing local embedding model 'Xenova/all-MiniLM-L6-v2'...","service":"dearpal-whatsapp","timestamp":"2026-08-12 06:26:46.514"}
{"level":"info","message":"Local embedding model 'Xenova/all-MiniLM-L6-v2' loaded successfully","service":"dearpal-whatsapp","timestamp":"2026-08-12 06:26:46.954"}
{"dimensions":384,"level":"info","message":"Query embedding generated","model":"Xenova/all-MiniLM-L6-v2","service":"dearpal-whatsapp","timestamp":"2026-08-12 06:26:46.970"}
{"level":"info","message":"Number of approved documents available: 6","service":"dearpal-whatsapp","timestamp":"2026-08-12 06:26:47.038"}
{"level":"info","message":"Vector search completed","numberOfResults":3,"service":"dearpal-whatsapp","timestamp":"2026-08-12 06:26:47.191","topSimilarityScore":0.7393}
{"level":"info","message":"Vector search started","queryLength":55,"service":"dearpal-whatsapp","threshold":0.2,"timestamp":"2026-08-12 06:26:47.193","topK":3}
{"dimensions":384,"level":"info","message":"Query embedding generated","model":"Xenova/all-MiniLM-L6-v2","service":"dearpal-whatsapp","timestamp":"2026-08-12 06:26:47.221"}
{"level":"info","message":"Number of approved documents available: 6","service":"dearpal-whatsapp","timestamp":"2026-08-12 06:26:47.371"}
{"level":"info","message":"Vector search completed","numberOfResults":3,"service":"dearpal-whatsapp","timestamp":"2026-08-12 06:26:47.444","topSimilarityScore":0.6625}
{"level":"info","message":"Vector search started","queryLength":59,"service":"dearpal-whatsapp","threshold":0.2,"timestamp":"2026-08-12 06:26:47.446","topK":3}
{"dimensions":384,"level":"info","message":"Query embedding generated","model":"Xenova/all-MiniLM-L6-v2","service":"dearpal-whatsapp","timestamp":"2026-08-12 06:26:47.471"}
{"level":"info","message":"Number of approved documents available: 6","service":"dearpal-whatsapp","timestamp":"2026-08-12 06:26:47.614"}
{"level":"info","message":"Vector search completed","numberOfResults":3,"service":"dearpal-whatsapp","timestamp":"2026-08-12 06:26:47.679","topSimilarityScore":0.7151}
{"level":"info","message":"RAG query started","queryLength":48,"service":"dearpal-whatsapp","timestamp":"2026-08-12 06:26:47.682","topK":5}
{"level":"info","message":"Vector search started","queryLength":48,"service":"dearpal-whatsapp","threshold":0.3,"timestamp":"2026-08-12 06:26:47.682","topK":5}
{"level":"info","message":"Initializing local embedding model 'Xenova/all-MiniLM-L6-v2'...","service":"dearpal-whatsapp","timestamp":"2026-08-12 06:26:47.683"}
{"level":"info","message":"Local embedding model 'Xenova/all-MiniLM-L6-v2' loaded successfully","service":"dearpal-whatsapp","timestamp":"2026-08-12 06:26:48.163"}
{"dimensions":384,"level":"info","message":"Query embedding generated","model":"Xenova/all-MiniLM-L6-v2","service":"dearpal-whatsapp","timestamp":"2026-08-12 06:26:48.184"}
{"level":"info","message":"Number of approved documents available: 6","service":"dearpal-whatsapp","timestamp":"2026-08-12 06:26:48.339"}
{"level":"info","message":"Vector search completed","numberOfResults":5,"service":"dearpal-whatsapp","timestamp":"2026-08-12 06:26:48.403","topSimilarityScore":0.6925}
{"level":"info","message":"Number of chunks retrieved: 5","service":"dearpal-whatsapp","timestamp":"2026-08-12 06:26:48.403"}
{"level":"info","message":"Top similarity score: 0.6925","service":"dearpal-whatsapp","timestamp":"2026-08-12 06:26:48.404"}
{"estimatedContextTokens":141,"level":"info","message":"Context built","numberOfChunks":5,"service":"dearpal-whatsapp","systemPromptLength":995,"timestamp":"2026-08-12 06:26:48.405","totalContextChars":564,"userQuestionLength":48}
{"level":"info","message":"Sarvam 105B request started","service":"dearpal-whatsapp","timestamp":"2026-08-12 06:26:48.405"}
{"level":"info","maxTokens":2048,"message":"Calling Sarvam 105B Custom Completion","service":"dearpal-whatsapp","temperature":0.3,"timestamp":"2026-08-12 06:26:48.406","userMessageLength":648}
{"completionTokens":48,"finishReason":"stop","level":"info","message":"Sarvam 105B Custom Completion complete","promptTokens":372,"reasoningLength":0,"responseLength":205,"service":"dearpal-whatsapp","timestamp":"2026-08-12 06:26:48.995"}
{"level":"info","message":"Sarvam response received","service":"dearpal-whatsapp","timestamp":"2026-08-12 06:26:48.995"}
{"level":"info","message":"RAG generation completed","service":"dearpal-whatsapp","timestamp":"2026-08-12 06:26:48.996"}
{"id":"79dea952-d7c6-4f6d-b052-46f756b8832c","level":"info","message":"Reprocessing knowledge document","service":"dearpal-whatsapp","timestamp":"2026-08-12 06:26:48.997"}
{"id":"79dea952-d7c6-4f6d-b052-46f756b8832c","level":"info","message":"Deleting knowledge document","service":"dearpal-whatsapp","timestamp":"2026-08-12 06:26:49.158"}
{"documentId":"79dea952-d7c6-4f6d-b052-46f756b8832c","fileName":"Batch_Test_01_Anxiety_Management.txt","level":"info","message":"Starting document processing pipeline","service":"dearpal-whatsapp","storagePath":"documents/79dea952-d7c6-4f6d-b052-46f756b8832c/Batch_Test_01_Anxiety_Management.txt","timestamp":"2026-08-12 06:26:49.160"}
{"level":"info","message":"Downloading file from Supabase Storage for processing","service":"dearpal-whatsapp","storagePath":"documents/79dea952-d7c6-4f6d-b052-46f756b8832c/Batch_Test_01_Anxiety_Management.txt","timestamp":"2026-08-12 06:26:49.265"}
{"documentId":"79dea952-d7c6-4f6d-b052-46f756b8832c","error":"Failed to download file from Supabase Storage: Object not found","level":"error","message":"Document processing pipeline failed","service":"dearpal-whatsapp","timestamp":"2026-08-12 06:26:49.620"}
{"id":"79dea952-d7c6-4f6d-b052-46f756b8832c","level":"info","message":"Knowledge document deleted successfully","service":"dearpal-whatsapp","timestamp":"2026-08-12 06:26:49.644"}
{"id":"c3d628d9-a90e-450b-9d5a-5181dae37ebc","level":"info","message":"Deleting knowledge document","service":"dearpal-whatsapp","timestamp":"2026-08-12 06:26:49.644"}
{"id":"c3d628d9-a90e-450b-9d5a-5181dae37ebc","level":"info","message":"Knowledge document deleted successfully","service":"dearpal-whatsapp","timestamp":"2026-08-12 06:26:50.210"}
{"id":"e03890b7-a8b6-4770-bc14-e00705b9e1dc","level":"info","message":"Deleting knowledge document","service":"dearpal-whatsapp","timestamp":"2026-08-12 06:26:50.211"}
{"id":"e03890b7-a8b6-4770-bc14-e00705b9e1dc","level":"info","message":"Knowledge document deleted successfully","service":"dearpal-whatsapp","timestamp":"2026-08-12 06:26:50.727"}
{"id":"c114afbe-24f7-4573-82e2-bb39b54da3b7","level":"info","message":"Deleting knowledge document","service":"dearpal-whatsapp","timestamp":"2026-08-12 06:26:50.727"}
{"id":"c114afbe-24f7-4573-82e2-bb39b54da3b7","level":"info","message":"Knowledge document deleted successfully","service":"dearpal-whatsapp","timestamp":"2026-08-12 06:26:51.428"}
{"id":"547a8f45-b3ca-42bb-86f4-18f796c7602a","level":"info","message":"Deleting knowledge document","service":"dearpal-whatsapp","timestamp":"2026-08-12 06:26:51.428"}
{"id":"547a8f45-b3ca-42bb-86f4-18f796c7602a","level":"info","message":"Knowledge document deleted successfully","service":"dearpal-whatsapp","timestamp":"2026-08-12 06:26:51.903"}
